******************************************************************************
                  TI ARM Linker PC v16.9.0                     
******************************************************************************
>> Linked Wed Mar 15 14:05:03 2017

OUTPUT FILE NAME:   <ModifiedTimersLab2.out>
ENTRY POINT SYMBOL: "_c_int00"  address: 00003db5


MEMORY CONFIGURATION

         name            origin    length      used     unused   attr    fill
----------------------  --------  ---------  --------  --------  ----  --------
  FLASH                 00000000   00100000  00008054  000f7fac  R  X
  SRAM                  20000000   00040000  00000471  0003fb8f  RW X


SEGMENT ALLOCATION MAP

run origin  load origin   length   init length attrs members
----------  ----------- ---------- ----------- ----- -------
00000000    00000000    00008058   00008058    r-x
  00000000    00000000    00000200   00000200    r-- .intvecs
  00000200    00000200    00004168   00004168    r-x .text
  00004368    00004368    00003cb4   00003cb4    r-- .const
  00008020    00008020    00000038   00000038    r-- .cinit
20000000    20000000    00000474   00000000    rw-
  20000000    20000000    00000400   00000000    rw- .stack
  20000400    20000400    00000055   00000000    rw- .bss
  20000458    20000458    0000001c   00000000    rw- .data


SECTION ALLOCATION MAP

 output                                  attributes/
section   page    origin      length       input sections
--------  ----  ----------  ----------   ----------------
.intvecs   0    00000000    00000200     
                  00000000    00000200     startup_ccs.obj (.intvecs)

.text      0    00000200    00004168     
                  00000200    0000113a     rtsv7M4_T_le_v4SPD16_eabi.lib : _printfi.obj (.text)
                  0000133a    00000002     startup_ccs.obj (.text:FaultISR)
                  0000133c    000004b8     pinout.obj (.text:PinoutSet)
                  000017f4    00000484     kentec320x240x16_ssd2119.obj (.text:Kentec320x240x16_SSD2119Init)
                  00001c78    00000374     grlib.lib : image.obj (.text:InternalImageDraw)
                  00001fec    000002f8               : image.obj (.text:PixelTransparentDraw)
                  000022e4    00000254               : string.obj (.text:GrFontGlyphRender)
                  00002538    000001f8     frame.obj (.text:FrameDraw)
                  00002730    000001f4     rtsv7M4_T_le_v4SPD16_eabi.lib : ull_div_t2.obj (.text)
                  00002924    000001ec     driverlib.lib : sysctl.obj (.text:SysCtlClockFreqSet)
                  00002b10    000001cc     kentec320x240x16_ssd2119.obj (.text:Kentec320x240x16_SSD2119PixelDrawMultiple)
                  00002cdc    000001b6     rtsv7M4_T_le_v4SPD16_eabi.lib : fd_add_t2.obj (.text)
                  00002e92    00000002     startup_ccs.obj (.text:IntDefaultHandler)
                  00002e94    00000194     kentec320x240x16_ssd2119.obj (.text:Kentec320x240x16_SSD2119RectFill)
                  00003028    00000136     rtsv7M4_T_le_v4SPD16_eabi.lib : fd_div_t2.obj (.text)
                  0000315e    00000132     driverlib.lib : gpio.obj (.text:GPIOPadConfigSet)
                  00003290    000000fc     rtsv7M4_T_le_v4SPD16_eabi.lib : fd_mul_t2.obj (.text)
                  0000338c    000000fc                                   : s_scalbn.obj (.text)
                  00003488    000000ec     timers.obj (.text:main)
                  00003574    000000c0     grlib.lib : string.obj (.text:GrDefaultStringRenderer)
                  00003634    000000b0     kentec320x240x16_ssd2119.obj (.text:Kentec320x240x16_SSD2119LineDrawH)
                  000036e4    000000b0     kentec320x240x16_ssd2119.obj (.text:Kentec320x240x16_SSD2119LineDrawV)
                  00003794    0000009c     rtsv7M4_T_le_v4SPD16_eabi.lib : memcpy_t2.obj (.text)
                  00003830    00000086                                   : fd_cmp_t2.obj (.text:__aeabi_cdcmple)
                  000038b6    00000086                                   : fd_cmp_t2.obj (.text:__aeabi_cdrcmple)
                  0000393c    0000007a                                   : memset_t2.obj (.text)
                  000039b6    00000002     kentec320x240x16_ssd2119.obj (.text:Kentec320x240x16_SSD2119Flush)
                  000039b8    00000078     kentec320x240x16_ssd2119.obj (.text:Kentec320x240x16_SSD2119PixelDraw)
                  00003a30    00000070     rtsv7M4_T_le_v4SPD16_eabi.lib : autoinit.obj (.text)
                  00003aa0    00000068     grlib.lib : context.obj (.text:GrContextInit)
                  00003b08    00000068               : string.obj (.text:GrStringWidthGet)
                  00003b70    00000068     rtsv7M4_T_le_v4SPD16_eabi.lib : copy_decompress_lzss.obj (.text:decompress:lzss)
                  00003bd8    00000066     grlib.lib : context.obj (.text:GrContextClipRegionSet)
                  00003c3e    00000002     startup_ccs.obj (.text:NmiSR)
                  00003c40    00000064     rtsv7M4_T_le_v4SPD16_eabi.lib : s_frexp.obj (.text)
                  00003ca4    00000060                                   : sprintf.obj (.text)
                  00003d04    0000005a     grlib.lib : string.obj (.text:FontWideGlyphDataGet)
                  00003d5e    00000056     rtsv7M4_T_le_v4SPD16_eabi.lib : ltoa.obj (.text)
                  00003db4    00000054                                   : boot.obj (.text)
                  00003e08    00000054                                   : exit.obj (.text)
                  00003e5c    0000004c     timers.obj (.text:Timer0IntHandler)
                  00003ea8    0000004c     rtsv7M4_T_le_v4SPD16_eabi.lib : atoi.obj (.text)
                  00003ef4    0000004c                                   : cpy_tbl.obj (.text)
                  00003f40    0000004a     grlib.lib : string.obj (.text:UpdateContextCharMapping)
                  00003f8a    00000002     rtsv7M4_T_le_v4SPD16_eabi.lib : mpu_init.obj (.text)
                  00003f8c    00000048     driverlib.lib : sysctl.obj (.text:_SysCtlFrequencyGet)
                  00003fd4    00000048     rtsv7M4_T_le_v4SPD16_eabi.lib : fd_toi_t2.obj (.text)
                  0000401c    0000003c     driverlib.lib : lcd.obj (.text:LCDIDDTimingSet)
                  00004058    0000003a     grlib.lib : string.obj (.text:FontGlyphDataGet)
                  00004092    00000002     rtsv7M4_T_le_v4SPD16_eabi.lib : startup.obj (.text)
                  00004094    00000034     driverlib.lib : sysctl.obj (.text:SysCtlPeripheralEnable)
                  000040c8    0000002e     grlib.lib : string.obj (.text:GrStringNextCharGet)
                  000040f6    0000002e     rtsv7M4_T_le_v4SPD16_eabi.lib : i_tofd_t2.obj (.text)
                  00004124    0000002c     grlib.lib : string.obj (.text:GrFontBaselineGet)
                  00004150    0000002a     driverlib.lib : gpio.obj (.text:GPIODirModeSet)
                  0000417a    00000026     grlib.lib : string.obj (.text:GrFontInfoGet)
                  000041a0    00000022               : string.obj (.text:GrFontGlyphDataGet)
                  000041c2    00000022     driverlib.lib : lcd.obj (.text:LCDModeSet)
                  000041e4    00000020                   : sysctl.obj (.text:_SysCtlMemTimingGet)
                  00004204    0000001e     grlib.lib : string.obj (.text:GrFontCodepageGet)
                  00004222    0000001c     rtsv7M4_T_le_v4SPD16_eabi.lib : memccpy.obj (.text)
                  0000423e    00000002     --HOLE-- [fill = 0]
                  00004240    00000018                                   : args_main.obj (.text)
                  00004258    00000016     grlib.lib : string.obj (.text:GrStringDraw)
                  0000426e    00000016     kentec320x240x16_ssd2119.obj (.text:Kentec320x240x16_SSD2119ColorTranslate)
                  00004284    00000016     rtsv7M4_T_le_v4SPD16_eabi.lib : strchr.obj (.text)
                  0000429a    00000002     --HOLE-- [fill = 0]
                  0000429c    00000014                                   : _lock.obj (.text)
                  000042b0    00000014                                   : s_copysign.obj (.text)
                  000042c4    00000014                                   : strlen.obj (.text)
                  000042d8    00000012     driverlib.lib : gpio.obj (.text:GPIOPinTypeEthernetLED)
                  000042ea    00000012                   : gpio.obj (.text:GPIOPinTypeLCD)
                  000042fc    0000000e     grlib.lib : image.obj (.text:GrImageDraw)
                  0000430a    0000000e     rtsv7M4_T_le_v4SPD16_eabi.lib : copy_decompress_none.obj (.text:decompress:none)
                  00004318    0000000c     driverlib.lib : lcd.obj (.text:LCDIDDCommandWrite)
                  00004324    0000000c                   : lcd.obj (.text:LCDIDDDataWrite)
                  00004330    0000000c     rtsv7M4_T_le_v4SPD16_eabi.lib : copy_zero_init.obj (.text:decompress:ZI)
                  0000433c    00000008     grlib.lib : charmap.obj (.text:GrMapISO8859_1_Unicode)
                  00004344    00000006     driverlib.lib : gpio.obj (.text:GPIOPinWrite)
                  0000434a    00000006     grlib.lib : string.obj (.text:GrContextFontSet)
                  00004350    00000006     startup_ccs.obj (.text:ResetISR)
                  00004356    00000006     driverlib.lib : sysctl.obj (.text:SysCtlDelay)
                  0000435c    00000004                   : lcd.obj (.text:LCDDMAConfigSet)
                  00004360    00000004                   : lcd.obj (.text:LCDIDDConfigSet)
                  00004364    00000004     rtsv7M4_T_le_v4SPD16_eabi.lib : pre_init.obj (.text)

.const     0    00004368    00003cb4     
                  00004368    00001a46     frame.obj (.const:.string:g_pui8Top)
                  00005dae    00000786     frame.obj (.const:.string:g_pui8Bottom)
                  00006534    00000782     grlib.lib : fontcmss18b.obj (.const:.string:g_pui8Cmss18bData)
                  00006cb6    00000546     frame.obj (.const:.string:g_pui8Left)
                  000071fc    00000546     frame.obj (.const:.string:g_pui8Right)
                  00007742    00000002     --HOLE-- [fill = 0]
                  00007744    000001b0     driverlib.lib : sysctl.obj (.const:g_pppui32XTALtoVCO)
                  000078f4    0000017c     frame.obj (.const:.string:g_pui8TopLeft)
                  00007a70    00000173     frame.obj (.const:.string:g_pui8TopRight)
                  00007be3    00000101     rtsv7M4_T_le_v4SPD16_eabi.lib : ctype.obj (.const:.string:_ctypes_)
                  00007ce4    000000d0     frame.obj (.const:.string:g_pui8BottomLeft)
                  00007db4    000000c8     grlib.lib : fontcmss18b.obj (.const:g_sFontCmss18b)
                  00007e7c    000000c4     frame.obj (.const:.string:g_pui8BottomRight)
                  00007f40    0000006c     driverlib.lib : sysctl.obj (.const:g_pui32Xtals)
                  00007fac    00000030                   : sysctl.obj (.const:g_sXTALtoMEMTIM)
                  00007fdc    00000028     kentec320x240x16_ssd2119.obj (.const:g_sKentec320x240x16_SSD2119)
                  00008004    00000010     grlib.lib : context.obj (.const)
                  00008014    00000008     driverlib.lib : sysctl.obj (.const)

.cinit     0    00008020    00000038     
                  00008020    00000011     (.cinit..data.load) [load image, compression = lzss]
                  00008031    00000003     --HOLE-- [fill = 0]
                  00008034    0000000c     (__TI_handler_table)
                  00008040    00000008     (.cinit..bss.load) [load image, compression = zero_init]
                  00008048    00000010     (__TI_cinit_table)

.init_array 
*          0    00000000    00000000     UNINITIALIZED

.stack     0    20000000    00000400     UNINITIALIZED
                  20000000    00000400     --HOLE--

.bss       0    20000400    00000055     UNINITIALIZED
                  20000400    0000002c     (.common:g_sContext)
                  2000042c    00000020     (.common:g_pui8Dictionary)
                  2000044c    00000004     (.common:g_psGrLibDefaults)
                  20000450    00000004     (.common:g_ui32Flags)
                  20000454    00000001     (.common:counter)

.data      0    20000458    0000001c     UNINITIALIZED
                  20000458    0000000c     rtsv7M4_T_le_v4SPD16_eabi.lib : exit.obj (.data:$O1$$)
                  20000464    00000008                                   : _lock.obj (.data:$O1$$)
                  2000046c    00000004                                   : errno.obj (.data)
                  20000470    00000004                                   : stkdepth_vars.obj (.data)

MODULE SUMMARY

       Module                         code    ro data   rw data
       ------                         ----    -------   -------
    .\
       startup_ccs.obj                12      512       0      
       timers.obj                     312     0         49     
    +--+------------------------------+-------+---------+---------+
       Total:                         324     512       49     
                                                               
    .\drivers\
       frame.obj                      504     12507     0      
       kentec320x240x16_ssd2119.obj   2516    40        0      
       pinout.obj                     1208    0         0      
    +--+------------------------------+-------+---------+---------+
       Total:                         4228    12547     0      
                                                               
    C:/ti/tirex-content/TivaWare_C_Series-2.1.3.156/driverlib/ccs/Debug/driverlib.lib
       sysctl.obj                     654     596       0      
       gpio.obj                       390     0         0      
       lcd.obj                        126     0         0      
    +--+------------------------------+-------+---------+---------+
       Total:                         1170    596       0      
                                                               
    C:/ti/tirex-content/TivaWare_C_Series-2.1.3.156/grlib/ccs/Debug/grlib.lib
       fontcmss18b.obj                0       2122      0      
       image.obj                      1658    0         32     
       string.obj                     1334    0         0      
       context.obj                    206     16        4      
       charmap.obj                    8       0         0      
    +--+------------------------------+-------+---------+---------+
       Total:                         3206    2138      36     
                                                               
    C:\ti\ccsv7\tools\compiler\ti-cgt-arm_16.9.0.LTS\lib\rtsv7M4_T_le_v4SPD16_eabi.lib
       _printfi.obj                   4410    0         0      
       ull_div_t2.obj                 500     0         0      
       fd_add_t2.obj                  438     0         0      
       fd_div_t2.obj                  310     0         0      
       fd_cmp_t2.obj                  268     0         0      
       ctype.obj                      0       257       0      
       fd_mul_t2.obj                  252     0         0      
       s_scalbn.obj                   252     0         0      
       memcpy_t2.obj                  156     0         0      
       memset_t2.obj                  122     0         0      
       autoinit.obj                   112     0         0      
       copy_decompress_lzss.obj       104     0         0      
       s_frexp.obj                    100     0         0      
       exit.obj                       84      0         12     
       sprintf.obj                    96      0         0      
       ltoa.obj                       86      0         0      
       boot.obj                       84      0         0      
       atoi.obj                       76      0         0      
       cpy_tbl.obj                    76      0         0      
       fd_toi_t2.obj                  72      0         0      
       i_tofd_t2.obj                  46      0         0      
       _lock.obj                      20      0         8      
       memccpy.obj                    28      0         0      
       args_main.obj                  24      0         0      
       strchr.obj                     22      0         0      
       s_copysign.obj                 20      0         0      
       strlen.obj                     20      0         0      
       copy_decompress_none.obj       14      0         0      
       copy_zero_init.obj             12      0         0      
       errno.obj                      0       0         4      
       pre_init.obj                   4       0         0      
       stkdepth_vars.obj              0       0         4      
       mpu_init.obj                   2       0         0      
       startup.obj                    2       0         0      
    +--+------------------------------+-------+---------+---------+
       Total:                         7812    257       28     
                                                               
       Stack:                         0       0         1024   
       Linker Generated:              0       53        0      
    +--+------------------------------+-------+---------+---------+
       Grand Total:                   16740   16103     1137   


LINKER GENERATED COPY TABLES

__TI_cinit_table @ 00008048 records: 2, size/record: 8, table size: 16
	.data: load addr=00008020, load size=00000011 bytes, run addr=20000458, run size=0000001c bytes, compression=lzss
	.bss: load addr=00008040, load size=00000008 bytes, run addr=20000400, run size=00000055 bytes, compression=zero_init


LINKER GENERATED HANDLER TABLE

__TI_handler_table @ 00008034 records: 3, size/record: 4, table size: 12
	index: 0, handler: __TI_decompress_lzss
	index: 1, handler: __TI_decompress_none
	index: 2, handler: __TI_zero_init


GLOBAL SYMBOLS: SORTED ALPHABETICALLY BY Name 

address   name                           
-------   ----                           
00003e09  C$$EXIT                        
00002539  FrameDraw                      
00004151  GPIODirModeSet                 
0000315f  GPIOPadConfigSet               
000042d9  GPIOPinTypeEthernetLED         
000042eb  GPIOPinTypeLCD                 
00004345  GPIOPinWrite                   
00003bd9  GrContextClipRegionSet         
0000434b  GrContextFontSet               
00003aa1  GrContextInit                  
00003575  GrDefaultStringRenderer        
00004125  GrFontBaselineGet              
00004205  GrFontCodepageGet              
000041a1  GrFontGlyphDataGet             
000022e5  GrFontGlyphRender              
0000417b  GrFontInfoGet                  
000042fd  GrImageDraw                    
0000433d  GrMapISO8859_1_Unicode         
00004259  GrStringDraw                   
000040c9  GrStringNextCharGet            
00003b09  GrStringWidthGet               
000017f5  Kentec320x240x16_SSD2119Init   
0000435d  LCDDMAConfigSet                
00004319  LCDIDDCommandWrite             
00004361  LCDIDDConfigSet                
00004325  LCDIDDDataWrite                
0000401d  LCDIDDTimingSet                
000041c3  LCDModeSet                     
0000133d  PinoutSet                      
00004351  ResetISR                       
UNDEFED   SHT$$INIT_ARRAY$$Base          
UNDEFED   SHT$$INIT_ARRAY$$Limit         
00002925  SysCtlClockFreqSet             
00004357  SysCtlDelay                    
00004095  SysCtlPeripheralEnable         
00003e5d  Timer0IntHandler               
20000400  __STACK_END                    
00000400  __STACK_SIZE                   
20000400  __STACK_TOP                    
00008048  __TI_CINIT_Base                
00008058  __TI_CINIT_Limit               
00008034  __TI_Handler_Table_Base        
00008040  __TI_Handler_Table_Limit       
00003a31  __TI_auto_init                 
20000458  __TI_cleanup_ptr               
00003b71  __TI_decompress_lzss           
0000430b  __TI_decompress_none           
2000045c  __TI_dtors_ptr                 
20000460  __TI_enable_exit_profile_output
ffffffff  __TI_pprof_out_hndl            
00000a41  __TI_printfi                   
ffffffff  __TI_prof_data_size            
ffffffff  __TI_prof_data_start           
00000000  __TI_static_base__             
00004331  __TI_zero_init                 
00003831  __aeabi_cdcmpeq                
00003831  __aeabi_cdcmple                
000038b7  __aeabi_cdrcmple               
00003fd5  __aeabi_d2iz                   
00002ce7  __aeabi_dadd                   
00003029  __aeabi_ddiv                   
00003291  __aeabi_dmul                   
00002cdd  __aeabi_dsub                   
000040f7  __aeabi_i2d                    
0000393d  __aeabi_memclr                 
0000393d  __aeabi_memclr4                
0000393d  __aeabi_memclr8                
00003795  __aeabi_memcpy                 
00003795  __aeabi_memcpy4                
00003795  __aeabi_memcpy8                
0000393f  __aeabi_memset                 
0000393f  __aeabi_memset4                
0000393f  __aeabi_memset8                
00002731  __aeabi_uldivmod               
ffffffff  __binit__                      
ffffffff  __c_args__                     
00003f8b  __mpu_init                     
20000000  __stack                        
00004241  _args_main                     
00003db5  _c_int00                       
00007be3  _ctypes_                       
20000464  _lock                          
000042ab  _nop                           
000042a3  _register_lock                 
0000429d  _register_unlock               
00004093  _system_post_cinit             
00004365  _system_pre_init               
20000468  _unlock                        
00003e0d  abort                          
00003ea9  atoi                           
ffffffff  binit                          
00003ef5  copy_in                        
000042b1  copysign                       
000042b1  copysignl                      
20000454  counter                        
2000046c  errno                          
00003e15  exit                           
00003c41  frexp                          
00003c41  frexpl                         
00000000  g_pfnVectors                   
00008004  g_psDefaultCodePointMapTable   
20000400  g_sContext                     
00007db4  g_sFontCmss18b                 
00007fdc  g_sKentec320x240x16_SSD2119    
20000450  g_ui32Flags                    
0000338d  ldexp                          
0000338d  ldexpl                         
00003d5f  ltoa                           
00003489  main                           
20000470  main_func_sp                   
00004223  memccpy                        
00003795  memcpy                         
00003945  memset                         
0000338d  scalbn                         
0000338d  scalbnl                        
00003ca5  sprintf                        
00004285  strchr                         
000042c5  strlen                         


GLOBAL SYMBOLS: SORTED BY Symbol Address 

address   name                           
-------   ----                           
00000000  __TI_static_base__             
00000000  g_pfnVectors                   
00000400  __STACK_SIZE                   
00000a41  __TI_printfi                   
0000133d  PinoutSet                      
000017f5  Kentec320x240x16_SSD2119Init   
000022e5  GrFontGlyphRender              
00002539  FrameDraw                      
00002731  __aeabi_uldivmod               
00002925  SysCtlClockFreqSet             
00002cdd  __aeabi_dsub                   
00002ce7  __aeabi_dadd                   
00003029  __aeabi_ddiv                   
0000315f  GPIOPadConfigSet               
00003291  __aeabi_dmul                   
0000338d  ldexp                          
0000338d  ldexpl                         
0000338d  scalbn                         
0000338d  scalbnl                        
00003489  main                           
00003575  GrDefaultStringRenderer        
00003795  __aeabi_memcpy                 
00003795  __aeabi_memcpy4                
00003795  __aeabi_memcpy8                
00003795  memcpy                         
00003831  __aeabi_cdcmpeq                
00003831  __aeabi_cdcmple                
000038b7  __aeabi_cdrcmple               
0000393d  __aeabi_memclr                 
0000393d  __aeabi_memclr4                
0000393d  __aeabi_memclr8                
0000393f  __aeabi_memset                 
0000393f  __aeabi_memset4                
0000393f  __aeabi_memset8                
00003945  memset                         
00003a31  __TI_auto_init                 
00003aa1  GrContextInit                  
00003b09  GrStringWidthGet               
00003b71  __TI_decompress_lzss           
00003bd9  GrContextClipRegionSet         
00003c41  frexp                          
00003c41  frexpl                         
00003ca5  sprintf                        
00003d5f  ltoa                           
00003db5  _c_int00                       
00003e09  C$$EXIT                        
00003e0d  abort                          
00003e15  exit                           
00003e5d  Timer0IntHandler               
00003ea9  atoi                           
00003ef5  copy_in                        
00003f8b  __mpu_init                     
00003fd5  __aeabi_d2iz                   
0000401d  LCDIDDTimingSet                
00004093  _system_post_cinit             
00004095  SysCtlPeripheralEnable         
000040c9  GrStringNextCharGet            
000040f7  __aeabi_i2d                    
00004125  GrFontBaselineGet              
00004151  GPIODirModeSet                 
0000417b  GrFontInfoGet                  
000041a1  GrFontGlyphDataGet             
000041c3  LCDModeSet                     
00004205  GrFontCodepageGet              
00004223  memccpy                        
00004241  _args_main                     
00004259  GrStringDraw                   
00004285  strchr                         
0000429d  _register_unlock               
000042a3  _register_lock                 
000042ab  _nop                           
000042b1  copysign                       
000042b1  copysignl                      
000042c5  strlen                         
000042d9  GPIOPinTypeEthernetLED         
000042eb  GPIOPinTypeLCD                 
000042fd  GrImageDraw                    
0000430b  __TI_decompress_none           
00004319  LCDIDDCommandWrite             
00004325  LCDIDDDataWrite                
00004331  __TI_zero_init                 
0000433d  GrMapISO8859_1_Unicode         
00004345  GPIOPinWrite                   
0000434b  GrContextFontSet               
00004351  ResetISR                       
00004357  SysCtlDelay                    
0000435d  LCDDMAConfigSet                
00004361  LCDIDDConfigSet                
00004365  _system_pre_init               
00007be3  _ctypes_                       
00007db4  g_sFontCmss18b                 
00007fdc  g_sKentec320x240x16_SSD2119    
00008004  g_psDefaultCodePointMapTable   
00008034  __TI_Handler_Table_Base        
00008040  __TI_Handler_Table_Limit       
00008048  __TI_CINIT_Base                
00008058  __TI_CINIT_Limit               
20000000  __stack                        
20000400  __STACK_END                    
20000400  __STACK_TOP                    
20000400  g_sContext                     
20000450  g_ui32Flags                    
20000454  counter                        
20000458  __TI_cleanup_ptr               
2000045c  __TI_dtors_ptr                 
20000460  __TI_enable_exit_profile_output
20000464  _lock                          
20000468  _unlock                        
2000046c  errno                          
20000470  main_func_sp                   
ffffffff  __TI_pprof_out_hndl            
ffffffff  __TI_prof_data_size            
ffffffff  __TI_prof_data_start           
ffffffff  __binit__                      
ffffffff  __c_args__                     
ffffffff  binit                          
UNDEFED   SHT$$INIT_ARRAY$$Base          
UNDEFED   SHT$$INIT_ARRAY$$Limit         

[118 symbols]
