******************************************************************************
                  TI ARM Linker PC v16.9.0                     
******************************************************************************
>> Linked Wed Mar 15 15:08:27 2017

OUTPUT FILE NAME:   <hibernate.out>
ENTRY POINT SYMBOL: "_c_int00"  address: 00009081


MEMORY CONFIGURATION

         name            origin    length      used     unused   attr    fill
----------------------  --------  ---------  --------  --------  ----  --------
  FLASH                 00000000   00100000  00009d6e  000f6292  R  X
  SRAM                  20000000   00040000  0000101f  0003efe1  RW X


SEGMENT ALLOCATION MAP

run origin  load origin   length   init length attrs members
----------  ----------- ---------- ----------- ----- -------
00000000    00000000    00009d70   00009d70    r-x
  00000000    00000000    00000200   00000200    r-- .intvecs
  00000200    00000200    00004ea8   00004ea8    r-- .const
  000050a8    000050a8    00004a0e   00004a0e    r-x .text
  00009ab8    00009ab8    000002b8   000002b8    r-- .cinit
20000000    20000000    0000101f   00000000    rw-
  20000000    20000000    00000954   00000000    rw- .data
  20000954    20000954    00000400   00000000    rw- .stack
  20000d54    20000d54    000002cb   00000000    rw- .bss


SECTION ALLOCATION MAP

 output                                  attributes/
section   page    origin      length       input sections
--------  ----  ----------  ----------   ----------------
.intvecs   0    00000000    00000200     
                  00000000    00000200     startup_ccs.obj (.intvecs)

.const     0    00000200    00004ea8     
                  00000200    00001a46     frame.obj (.const:.string:g_pui8Top)
                  00001c46    0000095e     grlib.lib : fontcm20.obj (.const:.string:g_pui8Cm20Data)
                  000025a4    00000786     frame.obj (.const:.string:g_pui8Bottom)
                  00002d2a    00000782     grlib.lib : fontcmss18b.obj (.const:.string:g_pui8Cmss18bData)
                  000034ac    00000759               : fontcm16.obj (.const:.string:g_pui8Cm16Data)
                  00003c05    00000546     frame.obj (.const:.string:g_pui8Left)
                  0000414b    00000546     frame.obj (.const:.string:g_pui8Right)
                  00004691    00000003     --HOLE-- [fill = 0]
                  00004694    000001b0     driverlib.lib : sysctl.obj (.const:g_pppui32XTALtoVCO)
                  00004844    0000017c     frame.obj (.const:.string:g_pui8TopLeft)
                  000049c0    00000173     frame.obj (.const:.string:g_pui8TopRight)
                  00004b33    000000d0     frame.obj (.const:.string:g_pui8BottomLeft)
                  00004c03    00000001     --HOLE-- [fill = 0]
                  00004c04    000000c8     grlib.lib : fontcm16.obj (.const:g_sFontCm16)
                  00004ccc    000000c8               : fontcm20.obj (.const:g_sFontCm20)
                  00004d94    000000c8               : fontcmss18b.obj (.const:g_sFontCmss18b)
                  00004e5c    000000c4     frame.obj (.const:.string:g_pui8BottomRight)
                  00004f20    0000008e     hibernate.obj (.const:.string)
                  00004fae    00000002     --HOLE-- [fill = 0]
                  00004fb0    0000006c     driverlib.lib : sysctl.obj (.const:g_pui32Xtals)
                  0000501c    00000030                   : sysctl.obj (.const:g_sXTALtoMEMTIM)
                  0000504c    00000028     kentec320x240x16_ssd2119.obj (.const:g_sKentec320x240x16_SSD2119)
                  00005074    0000001c     touch.obj (.const:g_pi32TouchParameters)
                  00005090    00000010     grlib.lib : context.obj (.const)
                  000050a0    00000008     driverlib.lib : sysctl.obj (.const)

.text      0    000050a8    00004a0e     
                  000050a8    000004b8     pinout.obj (.text:PinoutSet)
                  00005560    00000488     hibernate.obj (.text:main)
                  000059e8    00000484     kentec320x240x16_ssd2119.obj (.text:Kentec320x240x16_SSD2119Init)
                  00005e6c    00000374     grlib.lib : image.obj (.text:InternalImageDraw)
                  000061e0    000002f8               : image.obj (.text:PixelTransparentDraw)
                  000064d8    00000254               : string.obj (.text:GrFontGlyphRender)
                  0000672c    0000024d     ustdlib.obj (.text:uvsnprintf)
                  00006979    00000001     --HOLE-- [fill = 0]
                  0000697a    00000208     grlib.lib : circle.obj (.text:GrCircleDraw)
                  00006b82    00000002     startup_ccs.obj (.text:FaultISR)
                  00006b84    000001f8     frame.obj (.text:FrameDraw)
                  00006d7c    000001ec     driverlib.lib : sysctl.obj (.text:SysCtlClockFreqSet)
                  00006f68    000001cc     kentec320x240x16_ssd2119.obj (.text:Kentec320x240x16_SSD2119PixelDrawMultiple)
                  00007134    00000194     kentec320x240x16_ssd2119.obj (.text:Kentec320x240x16_SSD2119RectFill)
                  000072c8    00000190     grlib.lib : canvas.obj (.text:CanvasPaint)
                  00007458    00000180     touch.obj (.text:TouchScreenDebouncer)
                  000075d8    0000017e     grlib.lib : pushbutton.obj (.text:RectangularButtonPaint)
                  00007756    0000016e               : pushbutton.obj (.text:CircularButtonPaint)
                  000078c4    00000144               : circle.obj (.text:GrCircleFill)
                  00007a08    00000140     touch.obj (.text:TouchScreenIntHandler)
                  00007b48    00000132     driverlib.lib : gpio.obj (.text:GPIOPadConfigSet)
                  00007c7a    00000002     startup_ccs.obj (.text:IntDefaultHandler)
                  00007c7c    000000f4     touch.obj (.text:TouchScreenInit)
                  00007d70    000000f2     grlib.lib : pushbutton.obj (.text:RectangularButtonClick)
                  00007e62    00000002     kentec320x240x16_ssd2119.obj (.text:Kentec320x240x16_SSD2119Flush)
                  00007e64    000000e8     grlib.lib : widget.obj (.text:WidgetMessageQueueAdd)
                  00007f4c    000000d4               : pushbutton.obj (.text:CircularButtonClick)
                  00008020    000000c4     hibernate.obj (.text:DateTimeUpdateGet)
                  000080e4    000000c4     driverlib.lib : hibernate.obj (.text:_HibernateCalendarSet)
                  000081a8    000000c0     grlib.lib : string.obj (.text:GrDefaultStringRenderer)
                  00008268    000000b4               : widget.obj (.text:WidgetMessageSendPostOrder)
                  0000831c    000000b0     kentec320x240x16_ssd2119.obj (.text:Kentec320x240x16_SSD2119LineDrawH)
                  000083cc    000000b0     kentec320x240x16_ssd2119.obj (.text:Kentec320x240x16_SSD2119LineDrawV)
                  0000847c    0000009c     hibernate.obj (.text:DateTimeDisplayGet)
                  00008518    0000009c     rtsv7M4_T_le_v4SPD16_eabi.lib : memcpy_t2.obj (.text)
                  000085b4    0000008c     hibernate.obj (.text:OnYearDwnBtnPress)
                  00008640    0000008c     hibernate.obj (.text:OnYearUpBtnPress)
                  000086cc    00000088     hibernate.obj (.text:OnMonDwnBtnPress)
                  00008754    00000088     hibernate.obj (.text:OnMonUpBtnPress)
                  000087dc    00000086     grlib.lib : rectangle.obj (.text:GrRectFill)
                  00008862    00000002     startup_ccs.obj (.text:NmiSR)
                  00008864    00000083     hibernate.obj (.text:DateTimeGet)
                  000088e7    00000001     --HOLE-- [fill = 0]
                  000088e8    0000007a     rtsv7M4_T_le_v4SPD16_eabi.lib : memset_t2.obj (.text)
                  00008962    00000002                                   : i_div0.obj (.text)
                  00008964    00000078     kentec320x240x16_ssd2119.obj (.text:Kentec320x240x16_SSD2119PixelDraw)
                  000089dc    00000070     hibernate.obj (.text:GetCalendarMatchValue)
                  00008a4c    00000070     rtsv7M4_T_le_v4SPD16_eabi.lib : autoinit.obj (.text)
                  00008abc    0000006c     hibernate.obj (.text:DateTimeSet)
                  00008b28    00000068     grlib.lib : context.obj (.text:GrContextInit)
                  00008b90    00000068               : string.obj (.text:GrStringWidthGet)
                  00008bf8    00000068     driverlib.lib : hibernate.obj (.text:HibernateCalendarGet)
                  00008c60    00000068     hibernate.obj (.text:OnDateTimeSetBtnPress)
                  00008cc8    00000068     rtsv7M4_T_le_v4SPD16_eabi.lib : copy_decompress_lzss.obj (.text:decompress:lzss)
                  00008d30    00000066     grlib.lib : context.obj (.text:GrContextClipRegionSet)
                  00008d96    00000066               : rectangle.obj (.text:GrRectDraw)
                  00008dfc    00000064     driverlib.lib : hibernate.obj (.text:HibernateWakeSet)
                  00008e60    00000064     grlib.lib : widget.obj (.text:WidgetMessageQueueProcess)
                  00008ec4    0000005e               : widget.obj (.text:WidgetMessageSendPreOrder)
                  00008f22    0000005a               : string.obj (.text:FontWideGlyphDataGet)
                  00008f7c    00000058     hibernate.obj (.text:OnDayDwnBtnPress)
                  00008fd4    00000058     driverlib.lib : timer.obj (.text:TimerControlTrigger)
                  0000902c    00000054     hibernate.obj (.text:OnDayUpBtnPress)
                  00009080    00000054     rtsv7M4_T_le_v4SPD16_eabi.lib : boot.obj (.text)
                  000090d4    00000054                                   : exit.obj (.text)
                  00009128    0000004c     grlib.lib : widget.obj (.text:WidgetRemove)
                  00009174    0000004c     rtsv7M4_T_le_v4SPD16_eabi.lib : cpy_tbl.obj (.text)
                  000091c0    0000004a     grlib.lib : string.obj (.text:UpdateContextCharMapping)
                  0000920a    00000002     rtsv7M4_T_le_v4SPD16_eabi.lib : mpu_init.obj (.text)
                  0000920c    00000048     driverlib.lib : hibernate.obj (.text:HibernateClockConfig)
                  00009254    00000048                   : sysctl.obj (.text:_SysCtlFrequencyGet)
                  0000929c    00000046     grlib.lib : line.obj (.text:GrLineDrawH)
                  000092e2    00000046               : line.obj (.text:GrLineDrawV)
                  00009328    00000040     hibernate.obj (.text:OnAMPMBtnPress)
                  00009368    00000040     hibernate.obj (.text:OnMinDwnBtnPress)
                  000093a8    00000040     hibernate.obj (.text:OnMinUpBtnPress)
                  000093e8    00000040     rtsv7M4_T_le_v4SPD16_eabi.lib : u_divt2.obj (.text)
                  00009428    0000003c     driverlib.lib : lcd.obj (.text:LCDIDDTimingSet)
                  00009464    0000003c     hibernate.obj (.text:OnHourDwnBtnPress)
                  000094a0    0000003c     hibernate.obj (.text:OnHourUpBtnPress)
                  000094dc    0000003c     hibernate.obj (.text:OnTimeDoneBtnPress)
                  00009518    0000003a     grlib.lib : string.obj (.text:FontGlyphDataGet)
                  00009552    00000002     rtsv7M4_T_le_v4SPD16_eabi.lib : startup.obj (.text)
                  00009554    00000034     driverlib.lib : sysctl.obj (.text:SysCtlPeripheralEnable)
                  00009588    00000030     hibernate.obj (.text:OnDateNextBtnPress)
                  000095b8    0000002e     grlib.lib : string.obj (.text:GrStringNextCharGet)
                  000095e6    0000002c               : pushbutton.obj (.text:CircularButtonMsgProc)
                  00009612    0000002c               : string.obj (.text:GrFontBaselineGet)
                  0000963e    0000002c               : string.obj (.text:GrFontHeightGet)
                  0000966a    0000002c               : pushbutton.obj (.text:RectangularButtonMsgProc)
                  00009696    0000002c               : widget.obj (.text:WidgetIsInTree)
                  000096c2    0000002a     driverlib.lib : gpio.obj (.text:GPIODirModeSet)
                  000096ec    0000002a     ustdlib.obj (.text:ustrncpy)
                  00009716    00000028     hibernate.obj (.text:GetDaysInMonth)
                  0000973e    00000002     --HOLE-- [fill = 0]
                  00009740    00000028     driverlib.lib : hibernate.obj (.text:HibernateDataSet)
                  00009768    00000026     grlib.lib : string.obj (.text:GrFontInfoGet)
                  0000978e    00000002     --HOLE-- [fill = 0]
                  00009790    00000024     driverlib.lib : hibernate.obj (.text:HibernateDataGet)
                  000097b4    00000022     grlib.lib : string.obj (.text:GrFontGlyphDataGet)
                  000097d6    00000022     driverlib.lib : lcd.obj (.text:LCDModeSet)
                  000097f8    00000020                   : sysctl.obj (.text:_SysCtlMemTimingGet)
                  00009818    0000001e     grlib.lib : string.obj (.text:GrFontCodepageGet)
                  00009836    0000001e               : widget.obj (.text:WidgetAdd)
                  00009854    0000001c               : widget.obj (.text:WidgetPointerMessage)
                  00009870    0000001a     ustdlib.obj (.text:usnprintf)
                  0000988a    00000002     --HOLE-- [fill = 0]
                  0000988c    00000018     driverlib.lib : hibernate.obj (.text:HibernateIntStatus)
                  000098a4    00000018     rtsv7M4_T_le_v4SPD16_eabi.lib : args_main.obj (.text)
                  000098bc    00000018                                   : strcmp.obj (.text)
                  000098d4    00000016     grlib.lib : string.obj (.text:GrStringDraw)
                  000098ea    00000016     kentec320x240x16_ssd2119.obj (.text:Kentec320x240x16_SSD2119ColorTranslate)
                  00009900    00000014     grlib.lib : canvas.obj (.text:CanvasMsgProc)
                  00009914    00000014     driverlib.lib : hibernate.obj (.text:HibernateEnableExpClk)
                  00009928    00000014                   : hibernate.obj (.text:HibernateIntClear)
                  0000993c    00000014                   : hibernate.obj (.text:HibernateRTCEnable)
                  00009950    00000014                   : hibernate.obj (.text:HibernateRequest)
                  00009964    00000014     grlib.lib : widget.obj (.text:WidgetMutexGet)
                  00009978    00000014     rtsv7M4_T_le_v4SPD16_eabi.lib : _lock.obj (.text)
                  0000998c    00000014                                   : strcpy.obj (.text)
                  000099a0    00000012     driverlib.lib : gpio.obj (.text:GPIOPinTypeEthernetLED)
                  000099b2    00000012                   : gpio.obj (.text:GPIOPinTypeLCD)
                  000099c4    00000010                   : hibernate.obj (.text:HibernateCalendarSet)
                  000099d4    00000010                   : hibernate.obj (.text:HibernateIsActive)
                  000099e4    00000010                   : interrupt.obj (.text:IntMasterEnable)
                  000099f4    00000010                   : hibernate.obj (.text:_HibernateWriteComplete)
                  00009a04    0000000e     grlib.lib : image.obj (.text:GrImageDraw)
                  00009a12    0000000e     rtsv7M4_T_le_v4SPD16_eabi.lib : copy_decompress_none.obj (.text:decompress:none)
                  00009a20    0000000c     driverlib.lib : cpu.obj (.text:CPUcpsie)
                  00009a2c    0000000c                   : hibernate.obj (.text:HibernateCalendarMatchSet)
                  00009a38    0000000c                   : hibernate.obj (.text:HibernateCounterMode)
                  00009a44    0000000c                   : lcd.obj (.text:LCDIDDCommandWrite)
                  00009a50    0000000c                   : lcd.obj (.text:LCDIDDDataWrite)
                  00009a5c    0000000c     hibernate.obj (.text:OnInfoStrBtnPress)
                  00009a68    0000000c     touch.obj (.text:TouchScreenCallbackSet)
                  00009a74    0000000c     rtsv7M4_T_le_v4SPD16_eabi.lib : copy_zero_init.obj (.text:decompress:ZI)
                  00009a80    00000008     grlib.lib : charmap.obj (.text:GrMapISO8859_1_Unicode)
                  00009a88    00000006     driverlib.lib : gpio.obj (.text:GPIOPinWrite)
                  00009a8e    00000006     grlib.lib : string.obj (.text:GrContextFontSet)
                  00009a94    00000006     startup_ccs.obj (.text:ResetISR)
                  00009a9a    00000006     driverlib.lib : sysctl.obj (.text:SysCtlDelay)
                  00009aa0    00000006     grlib.lib : widget.obj (.text:WidgetMutexPut)
                  00009aa6    00000004     driverlib.lib : lcd.obj (.text:LCDDMAConfigSet)
                  00009aaa    00000004                   : lcd.obj (.text:LCDIDDConfigSet)
                  00009aae    00000004     grlib.lib : widget.obj (.text:WidgetDefaultMsgProc)
                  00009ab2    00000004     rtsv7M4_T_le_v4SPD16_eabi.lib : pre_init.obj (.text)

.cinit     0    00009ab8    000002b8     
                  00009ab8    0000028f     (.cinit..data.load) [load image, compression = lzss]
                  00009d47    00000001     --HOLE-- [fill = 0]
                  00009d48    0000000c     (__TI_handler_table)
                  00009d54    00000004     --HOLE-- [fill = 0]
                  00009d58    00000008     (.cinit..bss.load) [load image, compression = zero_init]
                  00009d60    00000010     (__TI_cinit_table)

.init_array 
*          0    00000000    00000000     UNINITIALIZED

.data      0    20000000    00000954     UNINITIALIZED
                  20000000    00000050     hibernate.obj (.data:g_sAMPMDwnBtn)
                  20000050    00000050     hibernate.obj (.data:g_sAMPMUpBtn)
                  200000a0    00000050     hibernate.obj (.data:g_sDateNextBtn)
                  200000f0    00000050     hibernate.obj (.data:g_sDateTimeSetBtn)
                  20000140    00000050     hibernate.obj (.data:g_sDayDwnBtn)
                  20000190    00000050     hibernate.obj (.data:g_sDayUpBtn)
                  200001e0    00000050     hibernate.obj (.data:g_sHourDwnBtn)
                  20000230    00000050     hibernate.obj (.data:g_sHourUpBtn)
                  20000280    00000050     hibernate.obj (.data:g_sInfoStrBtn)
                  200002d0    00000050     hibernate.obj (.data:g_sMinDwnBtn)
                  20000320    00000050     hibernate.obj (.data:g_sMinUpBtn)
                  20000370    00000050     hibernate.obj (.data:g_sMonDwnBtn)
                  200003c0    00000050     hibernate.obj (.data:g_sMonUpBtn)
                  20000410    00000050     hibernate.obj (.data:g_sTimeDoneBtn)
                  20000460    00000050     hibernate.obj (.data:g_sYearDwnBtn)
                  200004b0    00000050     hibernate.obj (.data:g_sYearUpBtn)
                  20000500    00000040     hibernate.obj (.data:g_sAMPMText)
                  20000540    00000040     hibernate.obj (.data:g_sDateScreen)
                  20000580    00000040     hibernate.obj (.data:g_sDateTime)
                  200005c0    00000040     hibernate.obj (.data:g_sDayText)
                  20000600    00000040     hibernate.obj (.data:g_sHibCount)
                  20000640    00000040     hibernate.obj (.data:g_sHourText)
                  20000680    00000040     hibernate.obj (.data:g_sInfoStr1)
                  200006c0    00000040     hibernate.obj (.data:g_sInfoStr2)
                  20000700    00000040     hibernate.obj (.data:g_sInfoStr3)
                  20000740    00000040     hibernate.obj (.data:g_sMainScreen)
                  20000780    00000040     hibernate.obj (.data:g_sMinText)
                  200007c0    00000040     hibernate.obj (.data:g_sMonText)
                  20000800    00000040     hibernate.obj (.data:g_sTimeScreen)
                  20000840    00000040     hibernate.obj (.data:g_sWakeInfo)
                  20000880    00000040     hibernate.obj (.data:g_sYearText)
                  200008c0    00000030     hibernate.obj (.data:g_ppcMonth)
                  200008f0    0000002d     grlib.lib : widget.obj (.data)
                  2000091d    00000003     --HOLE--
                  20000920    00000014     hibernate.obj (.data:g_ppcWakeSource)
                  20000934    0000000c     rtsv7M4_T_le_v4SPD16_eabi.lib : exit.obj (.data:$O1$$)
                  20000940    00000008                                   : _lock.obj (.data:$O1$$)
                  20000948    00000004     hibernate.obj (.data)
                  2000094c    00000004     rtsv7M4_T_le_v4SPD16_eabi.lib : stkdepth_vars.obj (.data)
                  20000950    00000004     touch.obj (.data)

.stack     0    20000954    00000400     UNINITIALIZED
                  20000954    00000400     --HOLE--

.bss       0    20000d54    000002cb     UNINITIALIZED
                  20000d54    00000140     grlib.lib : widget.obj (.bss:g_psMQ)
                  20000e94    00000028     (.common:g_pcDateTimeBuf)
                  20000ebc    00000028     (.common:g_pcHibBuf)
                  20000ee4    00000028     (.common:g_pcInfoBuf0)
                  20000f0c    00000028     (.common:g_pcInfoBuf1)
                  20000f34    00000028     (.common:g_pcInfoBuf2)
                  20000f5c    00000028     (.common:g_pcInfoBuf3)
                  20000f84    00000028     (.common:g_pcWakeBuf)
                  20000fac    00000020     (.common:g_pui8Dictionary)
                  20000fcc    00000010     touch.obj (.bss:g_pi16Samples)
                  20000fdc    00000008     touch.obj (.bss)
                  20000fe4    00000008     (.common:g_pcYearBuf)
                  20000fec    00000004     (.common:g_pcAMPMBuf)
                  20000ff0    00000004     (.common:g_pcDayBuf)
                  20000ff4    00000004     (.common:g_pcHourBuf)
                  20000ff8    00000004     (.common:g_pcMinBuf)
                  20000ffc    00000004     (.common:g_pcMonBuf)
                  20001000    00000004     (.common:g_psGrLibDefaults)
                  20001004    00000004     (.common:g_ui32DayIdx)
                  20001008    00000004     (.common:g_ui32HourIdx)
                  2000100c    00000004     (.common:g_ui32MinIdx)
                  20001010    00000004     (.common:g_ui32MonthIdx)
                  20001014    00000004     (.common:g_ui32YearIdx)
                  20001018    00000002     (.common:g_i16TouchX)
                  2000101a    00000002     (.common:g_i16TouchY)
                  2000101c    00000001     (.common:g_bHibernate)
                  2000101d    00000001     (.common:g_bMainScreen)
                  2000101e    00000001     (.common:g_bSetDate)

MODULE SUMMARY

       Module                         code    ro data   rw data
       ------                         ----    -------   -------
    .\
       hibernate.obj                  3163    142       2643   
       startup_ccs.obj                12      512       0      
    +--+------------------------------+-------+---------+---------+
       Total:                         3175    654       2643   
                                                               
    .\drivers\
       frame.obj                      504     12507     0      
       kentec320x240x16_ssd2119.obj   2516    40        0      
       pinout.obj                     1208    0         0      
       touch.obj                      960     28        32     
    +--+------------------------------+-------+---------+---------+
       Total:                         5188    12575     32     
                                                               
    .\utils\
       ustdlib.obj                    657     0         0      
    +--+------------------------------+-------+---------+---------+
       Total:                         657     0         0      
                                                               
    C:/ti/tirex-content/TivaWare_C_Series-2.1.3.156/driverlib/ccs/Debug/driverlib.lib
       sysctl.obj                     654     596       0      
       hibernate.obj                  724     0         0      
       gpio.obj                       390     0         0      
       lcd.obj                        126     0         0      
       timer.obj                      88      0         0      
       interrupt.obj                  16      0         0      
       cpu.obj                        12      0         0      
    +--+------------------------------+-------+---------+---------+
       Total:                         2010    596       0      
                                                               
    C:/ti/tirex-content/TivaWare_C_Series-2.1.3.156/grlib/ccs/Debug/grlib.lib
       fontcm20.obj                   0       2598      0      
       fontcmss18b.obj                0       2122      0      
       fontcm16.obj                   0       2081      0      
       image.obj                      1658    0         32     
       string.obj                     1378    0         0      
       pushbutton.obj                 1290    0         0      
       widget.obj                     814     0         365    
       circle.obj                     844     0         0      
       canvas.obj                     420     0         0      
       rectangle.obj                  236     0         0      
       context.obj                    206     16        4      
       line.obj                       140     0         0      
       charmap.obj                    8       0         0      
    +--+------------------------------+-------+---------+---------+
       Total:                         6994    6817      401    
                                                               
    C:\ti\ccsv7\tools\compiler\ti-cgt-arm_16.9.0.LTS\lib\rtsv7M4_T_le_v4SPD16_eabi.lib
       memcpy_t2.obj                  156     0         0      
       memset_t2.obj                  122     0         0      
       autoinit.obj                   112     0         0      
       copy_decompress_lzss.obj       104     0         0      
       exit.obj                       84      0         12     
       boot.obj                       84      0         0      
       cpy_tbl.obj                    76      0         0      
       u_divt2.obj                    64      0         0      
       _lock.obj                      20      0         8      
       args_main.obj                  24      0         0      
       strcmp.obj                     24      0         0      
       strcpy.obj                     20      0         0      
       copy_decompress_none.obj       14      0         0      
       copy_zero_init.obj             12      0         0      
       pre_init.obj                   4       0         0      
       stkdepth_vars.obj              0       0         4      
       i_div0.obj                     2       0         0      
       mpu_init.obj                   2       0         0      
       startup.obj                    2       0         0      
    +--+------------------------------+-------+---------+---------+
       Total:                         926     0         24     
                                                               
       Stack:                         0       0         1024   
       Linker Generated:              0       691       0      
    +--+------------------------------+-------+---------+---------+
       Grand Total:                   18950   21333     4124   


LINKER GENERATED COPY TABLES

__TI_cinit_table @ 00009d60 records: 2, size/record: 8, table size: 16
	.data: load addr=00009ab8, load size=0000028f bytes, run addr=20000000, run size=00000954 bytes, compression=lzss
	.bss: load addr=00009d58, load size=00000008 bytes, run addr=20000d54, run size=000002cb bytes, compression=zero_init


LINKER GENERATED HANDLER TABLE

__TI_handler_table @ 00009d48 records: 3, size/record: 4, table size: 12
	index: 0, handler: __TI_decompress_lzss
	index: 1, handler: __TI_decompress_none
	index: 2, handler: __TI_zero_init


GLOBAL SYMBOLS: SORTED ALPHABETICALLY BY Name 

address   name                           
-------   ----                           
000090d5  C$$EXIT                        
00009a21  CPUcpsie                       
00009901  CanvasMsgProc                  
000095e7  CircularButtonMsgProc          
0000847d  DateTimeDisplayGet             
00008865  DateTimeGet                    
00008abd  DateTimeSet                    
00008021  DateTimeUpdateGet              
00006b85  FrameDraw                      
000096c3  GPIODirModeSet                 
00007b49  GPIOPadConfigSet               
000099a1  GPIOPinTypeEthernetLED         
000099b3  GPIOPinTypeLCD                 
00009a89  GPIOPinWrite                   
000089dd  GetCalendarMatchValue          
00009717  GetDaysInMonth                 
0000697b  GrCircleDraw                   
000078c5  GrCircleFill                   
00008d31  GrContextClipRegionSet         
00009a8f  GrContextFontSet               
00008b29  GrContextInit                  
000081a9  GrDefaultStringRenderer        
00009613  GrFontBaselineGet              
00009819  GrFontCodepageGet              
000097b5  GrFontGlyphDataGet             
000064d9  GrFontGlyphRender              
0000963f  GrFontHeightGet                
00009769  GrFontInfoGet                  
00009a05  GrImageDraw                    
0000929d  GrLineDrawH                    
000092e3  GrLineDrawV                    
00009a81  GrMapISO8859_1_Unicode         
00008d97  GrRectDraw                     
000087dd  GrRectFill                     
000098d5  GrStringDraw                   
000095b9  GrStringNextCharGet            
00008b91  GrStringWidthGet               
00008bf9  HibernateCalendarGet           
00009a2d  HibernateCalendarMatchSet      
000099c5  HibernateCalendarSet           
0000920d  HibernateClockConfig           
00009a39  HibernateCounterMode           
00009791  HibernateDataGet               
00009741  HibernateDataSet               
00009915  HibernateEnableExpClk          
00009929  HibernateIntClear              
0000988d  HibernateIntStatus             
000099d5  HibernateIsActive              
0000993d  HibernateRTCEnable             
00009951  HibernateRequest               
00008dfd  HibernateWakeSet               
000099e5  IntMasterEnable                
000059e9  Kentec320x240x16_SSD2119Init   
00009aa7  LCDDMAConfigSet                
00009a45  LCDIDDCommandWrite             
00009aab  LCDIDDConfigSet                
00009a51  LCDIDDDataWrite                
00009429  LCDIDDTimingSet                
000097d7  LCDModeSet                     
00009329  OnAMPMBtnPress                 
00009589  OnDateNextBtnPress             
00008c61  OnDateTimeSetBtnPress          
00008f7d  OnDayDwnBtnPress               
0000902d  OnDayUpBtnPress                
00009465  OnHourDwnBtnPress              
000094a1  OnHourUpBtnPress               
00009a5d  OnInfoStrBtnPress              
00009369  OnMinDwnBtnPress               
000093a9  OnMinUpBtnPress                
000086cd  OnMonDwnBtnPress               
00008755  OnMonUpBtnPress                
000094dd  OnTimeDoneBtnPress             
000085b5  OnYearDwnBtnPress              
00008641  OnYearUpBtnPress               
000050a9  PinoutSet                      
0000966b  RectangularButtonMsgProc       
00009a95  ResetISR                       
UNDEFED   SHT$$INIT_ARRAY$$Base          
UNDEFED   SHT$$INIT_ARRAY$$Limit         
00006d7d  SysCtlClockFreqSet             
00009a9b  SysCtlDelay                    
00009555  SysCtlPeripheralEnable         
00008fd5  TimerControlTrigger            
00009a69  TouchScreenCallbackSet         
00007c7d  TouchScreenInit                
00007a09  TouchScreenIntHandler          
00009837  WidgetAdd                      
00009aaf  WidgetDefaultMsgProc           
00007e65  WidgetMessageQueueAdd          
00008e61  WidgetMessageQueueProcess      
00008269  WidgetMessageSendPostOrder     
00008ec5  WidgetMessageSendPreOrder      
00009965  WidgetMutexGet                 
00009aa1  WidgetMutexPut                 
00009855  WidgetPointerMessage           
00009129  WidgetRemove                   
20000d54  __STACK_END                    
00000400  __STACK_SIZE                   
20000d54  __STACK_TOP                    
00009d60  __TI_CINIT_Base                
00009d70  __TI_CINIT_Limit               
00009d48  __TI_Handler_Table_Base        
00009d54  __TI_Handler_Table_Limit       
00008a4d  __TI_auto_init                 
20000934  __TI_cleanup_ptr               
00008cc9  __TI_decompress_lzss           
00009a13  __TI_decompress_none           
20000938  __TI_dtors_ptr                 
2000093c  __TI_enable_exit_profile_output
ffffffff  __TI_pprof_out_hndl            
ffffffff  __TI_prof_data_size            
ffffffff  __TI_prof_data_start           
00000000  __TI_static_base__             
00009a75  __TI_zero_init                 
00008963  __aeabi_idiv0                  
000088e9  __aeabi_memclr                 
000088e9  __aeabi_memclr4                
000088e9  __aeabi_memclr8                
00008519  __aeabi_memcpy                 
00008519  __aeabi_memcpy4                
00008519  __aeabi_memcpy8                
000088eb  __aeabi_memset                 
000088eb  __aeabi_memset4                
000088eb  __aeabi_memset8                
000093e9  __aeabi_uidiv                  
000093e9  __aeabi_uidivmod               
ffffffff  __binit__                      
ffffffff  __c_args__                     
0000920b  __mpu_init                     
20000954  __stack                        
000098a5  _args_main                     
00009081  _c_int00                       
20000940  _lock                          
00009987  _nop                           
0000997f  _register_lock                 
00009979  _register_unlock               
00009553  _system_post_cinit             
00009ab3  _system_pre_init               
20000944  _unlock                        
000090d9  abort                          
ffffffff  binit                          
00009175  copy_in                        
000090e1  exit                           
2000101c  g_bHibernate                   
2000101d  g_bMainScreen                  
2000101e  g_bSetDate                     
20000950  g_i16TouchMin                  
20001018  g_i16TouchX                    
2000101a  g_i16TouchY                    
20000fec  g_pcAMPMBuf                    
20000e94  g_pcDateTimeBuf                
20000ff0  g_pcDayBuf                     
20000ebc  g_pcHibBuf                     
20000ff4  g_pcHourBuf                    
20000ee4  g_pcInfoBuf0                   
20000f0c  g_pcInfoBuf1                   
20000f34  g_pcInfoBuf2                   
20000f5c  g_pcInfoBuf3                   
20000ff8  g_pcMinBuf                     
20000ffc  g_pcMonBuf                     
20000f84  g_pcWakeBuf                    
20000fe4  g_pcYearBuf                    
00000000  g_pfnVectors                   
00005074  g_pi32TouchParameters          
00005090  g_psDefaultCodePointMapTable   
20000000  g_sAMPMDwnBtn                  
20000500  g_sAMPMText                    
20000050  g_sAMPMUpBtn                   
200000a0  g_sDateNextBtn                 
20000540  g_sDateScreen                  
20000580  g_sDateTime                    
200000f0  g_sDateTimeSetBtn              
20000140  g_sDayDwnBtn                   
200005c0  g_sDayText                     
20000190  g_sDayUpBtn                    
00004c04  g_sFontCm16                    
00004ccc  g_sFontCm20                    
00004d94  g_sFontCmss18b                 
20000600  g_sHibCount                    
200001e0  g_sHourDwnBtn                  
20000640  g_sHourText                    
20000230  g_sHourUpBtn                   
20000680  g_sInfoStr1                    
200006c0  g_sInfoStr2                    
20000700  g_sInfoStr3                    
20000280  g_sInfoStrBtn                  
0000504c  g_sKentec320x240x16_SSD2119    
20000740  g_sMainScreen                  
200002d0  g_sMinDwnBtn                   
20000780  g_sMinText                     
20000320  g_sMinUpBtn                    
20000370  g_sMonDwnBtn                   
200007c0  g_sMonText                     
200003c0  g_sMonUpBtn                    
200008f0  g_sRoot                        
20000410  g_sTimeDoneBtn                 
20000800  g_sTimeScreen                  
20000840  g_sWakeInfo                    
20000460  g_sYearDwnBtn                  
20000880  g_sYearText                    
200004b0  g_sYearUpBtn                   
20001004  g_ui32DayIdx                   
20001008  g_ui32HourIdx                  
2000100c  g_ui32MinIdx                   
20001010  g_ui32MonthIdx                 
20001014  g_ui32YearIdx                  
00005561  main                           
2000094c  main_func_sp                   
00008519  memcpy                         
000088f1  memset                         
000098bd  strcmp                         
0000998d  strcpy                         
00009871  usnprintf                      
000096ed  ustrncpy                       
0000672d  uvsnprintf                     


GLOBAL SYMBOLS: SORTED BY Symbol Address 

address   name                           
-------   ----                           
00000000  __TI_static_base__             
00000000  g_pfnVectors                   
00000400  __STACK_SIZE                   
00004c04  g_sFontCm16                    
00004ccc  g_sFontCm20                    
00004d94  g_sFontCmss18b                 
0000504c  g_sKentec320x240x16_SSD2119    
00005074  g_pi32TouchParameters          
00005090  g_psDefaultCodePointMapTable   
000050a9  PinoutSet                      
00005561  main                           
000059e9  Kentec320x240x16_SSD2119Init   
000064d9  GrFontGlyphRender              
0000672d  uvsnprintf                     
0000697b  GrCircleDraw                   
00006b85  FrameDraw                      
00006d7d  SysCtlClockFreqSet             
000078c5  GrCircleFill                   
00007a09  TouchScreenIntHandler          
00007b49  GPIOPadConfigSet               
00007c7d  TouchScreenInit                
00007e65  WidgetMessageQueueAdd          
00008021  DateTimeUpdateGet              
000081a9  GrDefaultStringRenderer        
00008269  WidgetMessageSendPostOrder     
0000847d  DateTimeDisplayGet             
00008519  __aeabi_memcpy                 
00008519  __aeabi_memcpy4                
00008519  __aeabi_memcpy8                
00008519  memcpy                         
000085b5  OnYearDwnBtnPress              
00008641  OnYearUpBtnPress               
000086cd  OnMonDwnBtnPress               
00008755  OnMonUpBtnPress                
000087dd  GrRectFill                     
00008865  DateTimeGet                    
000088e9  __aeabi_memclr                 
000088e9  __aeabi_memclr4                
000088e9  __aeabi_memclr8                
000088eb  __aeabi_memset                 
000088eb  __aeabi_memset4                
000088eb  __aeabi_memset8                
000088f1  memset                         
00008963  __aeabi_idiv0                  
000089dd  GetCalendarMatchValue          
00008a4d  __TI_auto_init                 
00008abd  DateTimeSet                    
00008b29  GrContextInit                  
00008b91  GrStringWidthGet               
00008bf9  HibernateCalendarGet           
00008c61  OnDateTimeSetBtnPress          
00008cc9  __TI_decompress_lzss           
00008d31  GrContextClipRegionSet         
00008d97  GrRectDraw                     
00008dfd  HibernateWakeSet               
00008e61  WidgetMessageQueueProcess      
00008ec5  WidgetMessageSendPreOrder      
00008f7d  OnDayDwnBtnPress               
00008fd5  TimerControlTrigger            
0000902d  OnDayUpBtnPress                
00009081  _c_int00                       
000090d5  C$$EXIT                        
000090d9  abort                          
000090e1  exit                           
00009129  WidgetRemove                   
00009175  copy_in                        
0000920b  __mpu_init                     
0000920d  HibernateClockConfig           
0000929d  GrLineDrawH                    
000092e3  GrLineDrawV                    
00009329  OnAMPMBtnPress                 
00009369  OnMinDwnBtnPress               
000093a9  OnMinUpBtnPress                
000093e9  __aeabi_uidiv                  
000093e9  __aeabi_uidivmod               
00009429  LCDIDDTimingSet                
00009465  OnHourDwnBtnPress              
000094a1  OnHourUpBtnPress               
000094dd  OnTimeDoneBtnPress             
00009553  _system_post_cinit             
00009555  SysCtlPeripheralEnable         
00009589  OnDateNextBtnPress             
000095b9  GrStringNextCharGet            
000095e7  CircularButtonMsgProc          
00009613  GrFontBaselineGet              
0000963f  GrFontHeightGet                
0000966b  RectangularButtonMsgProc       
000096c3  GPIODirModeSet                 
000096ed  ustrncpy                       
00009717  GetDaysInMonth                 
00009741  HibernateDataSet               
00009769  GrFontInfoGet                  
00009791  HibernateDataGet               
000097b5  GrFontGlyphDataGet             
000097d7  LCDModeSet                     
00009819  GrFontCodepageGet              
00009837  WidgetAdd                      
00009855  WidgetPointerMessage           
00009871  usnprintf                      
0000988d  HibernateIntStatus             
000098a5  _args_main                     
000098bd  strcmp                         
000098d5  GrStringDraw                   
00009901  CanvasMsgProc                  
00009915  HibernateEnableExpClk          
00009929  HibernateIntClear              
0000993d  HibernateRTCEnable             
00009951  HibernateRequest               
00009965  WidgetMutexGet                 
00009979  _register_unlock               
0000997f  _register_lock                 
00009987  _nop                           
0000998d  strcpy                         
000099a1  GPIOPinTypeEthernetLED         
000099b3  GPIOPinTypeLCD                 
000099c5  HibernateCalendarSet           
000099d5  HibernateIsActive              
000099e5  IntMasterEnable                
00009a05  GrImageDraw                    
00009a13  __TI_decompress_none           
00009a21  CPUcpsie                       
00009a2d  HibernateCalendarMatchSet      
00009a39  HibernateCounterMode           
00009a45  LCDIDDCommandWrite             
00009a51  LCDIDDDataWrite                
00009a5d  OnInfoStrBtnPress              
00009a69  TouchScreenCallbackSet         
00009a75  __TI_zero_init                 
00009a81  GrMapISO8859_1_Unicode         
00009a89  GPIOPinWrite                   
00009a8f  GrContextFontSet               
00009a95  ResetISR                       
00009a9b  SysCtlDelay                    
00009aa1  WidgetMutexPut                 
00009aa7  LCDDMAConfigSet                
00009aab  LCDIDDConfigSet                
00009aaf  WidgetDefaultMsgProc           
00009ab3  _system_pre_init               
00009d48  __TI_Handler_Table_Base        
00009d54  __TI_Handler_Table_Limit       
00009d60  __TI_CINIT_Base                
00009d70  __TI_CINIT_Limit               
20000000  g_sAMPMDwnBtn                  
20000050  g_sAMPMUpBtn                   
200000a0  g_sDateNextBtn                 
200000f0  g_sDateTimeSetBtn              
20000140  g_sDayDwnBtn                   
20000190  g_sDayUpBtn                    
200001e0  g_sHourDwnBtn                  
20000230  g_sHourUpBtn                   
20000280  g_sInfoStrBtn                  
200002d0  g_sMinDwnBtn                   
20000320  g_sMinUpBtn                    
20000370  g_sMonDwnBtn                   
200003c0  g_sMonUpBtn                    
20000410  g_sTimeDoneBtn                 
20000460  g_sYearDwnBtn                  
200004b0  g_sYearUpBtn                   
20000500  g_sAMPMText                    
20000540  g_sDateScreen                  
20000580  g_sDateTime                    
200005c0  g_sDayText                     
20000600  g_sHibCount                    
20000640  g_sHourText                    
20000680  g_sInfoStr1                    
200006c0  g_sInfoStr2                    
20000700  g_sInfoStr3                    
20000740  g_sMainScreen                  
20000780  g_sMinText                     
200007c0  g_sMonText                     
20000800  g_sTimeScreen                  
20000840  g_sWakeInfo                    
20000880  g_sYearText                    
200008f0  g_sRoot                        
20000934  __TI_cleanup_ptr               
20000938  __TI_dtors_ptr                 
2000093c  __TI_enable_exit_profile_output
20000940  _lock                          
20000944  _unlock                        
2000094c  main_func_sp                   
20000950  g_i16TouchMin                  
20000954  __stack                        
20000d54  __STACK_END                    
20000d54  __STACK_TOP                    
20000e94  g_pcDateTimeBuf                
20000ebc  g_pcHibBuf                     
20000ee4  g_pcInfoBuf0                   
20000f0c  g_pcInfoBuf1                   
20000f34  g_pcInfoBuf2                   
20000f5c  g_pcInfoBuf3                   
20000f84  g_pcWakeBuf                    
20000fe4  g_pcYearBuf                    
20000fec  g_pcAMPMBuf                    
20000ff0  g_pcDayBuf                     
20000ff4  g_pcHourBuf                    
20000ff8  g_pcMinBuf                     
20000ffc  g_pcMonBuf                     
20001004  g_ui32DayIdx                   
20001008  g_ui32HourIdx                  
2000100c  g_ui32MinIdx                   
20001010  g_ui32MonthIdx                 
20001014  g_ui32YearIdx                  
20001018  g_i16TouchX                    
2000101a  g_i16TouchY                    
2000101c  g_bHibernate                   
2000101d  g_bMainScreen                  
2000101e  g_bSetDate                     
ffffffff  __TI_pprof_out_hndl            
ffffffff  __TI_prof_data_size            
ffffffff  __TI_prof_data_start           
ffffffff  __binit__                      
ffffffff  __c_args__                     
ffffffff  binit                          
UNDEFED   SHT$$INIT_ARRAY$$Base          
UNDEFED   SHT$$INIT_ARRAY$$Limit         

[215 symbols]
