<?xml version="1.0"?>
<link_info>
   <banner>TI ARM Linker PC v16.9.0.LTS</banner>
   <copyright>Copyright (c) 1996-2015 Texas Instruments Incorporated</copyright>
   <link_time>0x58b6459c</link_time>
   <link_errors>0x0</link_errors>
   <output_file>synth.out</output_file>
   <entry_point>
      <name>_c_int00</name>
      <address>0x6f5d</address>
   </entry_point>
   <input_file_list>
      <input_file id="fl-2">
         <path>.\</path>
         <kind>object</kind>
         <file>startup_ccs.obj</file>
         <name>startup_ccs.obj</name>
      </input_file>
      <input_file id="fl-3">
         <path>.\</path>
         <kind>object</kind>
         <file>synth.obj</file>
         <name>synth.obj</name>
      </input_file>
      <input_file id="fl-4">
         <path>.\drivers\</path>
         <kind>object</kind>
         <file>frame.obj</file>
         <name>frame.obj</name>
      </input_file>
      <input_file id="fl-5">
         <path>.\drivers\</path>
         <kind>object</kind>
         <file>kentec320x240x16_ssd2119.obj</file>
         <name>kentec320x240x16_ssd2119.obj</name>
      </input_file>
      <input_file id="fl-6">
         <path>.\drivers\</path>
         <kind>object</kind>
         <file>pinout.obj</file>
         <name>pinout.obj</name>
      </input_file>
      <input_file id="fl-7">
         <path>.\drivers\</path>
         <kind>object</kind>
         <file>sound.obj</file>
         <name>sound.obj</name>
      </input_file>
      <input_file id="fl-8">
         <path>.\drivers\</path>
         <kind>object</kind>
         <file>touch.obj</file>
         <name>touch.obj</name>
      </input_file>
      <input_file id="fl-9">
         <path>.\utils\</path>
         <kind>object</kind>
         <file>sine.obj</file>
         <name>sine.obj</name>
      </input_file>
      <input_file id="fl-c5">
         <path>C:\ti\ccsv7\tools\compiler\ti-cgt-arm_16.9.0.LTS\lib\</path>
         <kind>archive</kind>
         <file>rtsv7M4_T_le_v4SPD16_eabi.lib</file>
         <name>boot.obj</name>
      </input_file>
      <input_file id="fl-c6">
         <path>C:\ti\ccsv7\tools\compiler\ti-cgt-arm_16.9.0.LTS\lib\</path>
         <kind>archive</kind>
         <file>rtsv7M4_T_le_v4SPD16_eabi.lib</file>
         <name>copy_decompress_lzss.obj</name>
      </input_file>
      <input_file id="fl-c7">
         <path>C:\ti\ccsv7\tools\compiler\ti-cgt-arm_16.9.0.LTS\lib\</path>
         <kind>archive</kind>
         <file>rtsv7M4_T_le_v4SPD16_eabi.lib</file>
         <name>copy_decompress_none.obj</name>
      </input_file>
      <input_file id="fl-c8">
         <path>C:\ti\ccsv7\tools\compiler\ti-cgt-arm_16.9.0.LTS\lib\</path>
         <kind>archive</kind>
         <file>rtsv7M4_T_le_v4SPD16_eabi.lib</file>
         <name>copy_zero_init.obj</name>
      </input_file>
      <input_file id="fl-c9">
         <path>C:\ti\ccsv7\tools\compiler\ti-cgt-arm_16.9.0.LTS\lib\</path>
         <kind>archive</kind>
         <file>rtsv7M4_T_le_v4SPD16_eabi.lib</file>
         <name>exit.obj</name>
      </input_file>
      <input_file id="fl-ca">
         <path>C:\ti\ccsv7\tools\compiler\ti-cgt-arm_16.9.0.LTS\lib\</path>
         <kind>archive</kind>
         <file>rtsv7M4_T_le_v4SPD16_eabi.lib</file>
         <name>memcpy_t2.obj</name>
      </input_file>
      <input_file id="fl-cb">
         <path>C:\ti\ccsv7\tools\compiler\ti-cgt-arm_16.9.0.LTS\lib\</path>
         <kind>archive</kind>
         <file>rtsv7M4_T_le_v4SPD16_eabi.lib</file>
         <name>memset_t2.obj</name>
      </input_file>
      <input_file id="fl-cc">
         <path>C:\ti\ccsv7\tools\compiler\ti-cgt-arm_16.9.0.LTS\lib\</path>
         <kind>archive</kind>
         <file>rtsv7M4_T_le_v4SPD16_eabi.lib</file>
         <name>mpu_init.obj</name>
      </input_file>
      <input_file id="fl-cd">
         <path>C:\ti\ccsv7\tools\compiler\ti-cgt-arm_16.9.0.LTS\lib\</path>
         <kind>archive</kind>
         <file>rtsv7M4_T_le_v4SPD16_eabi.lib</file>
         <name>pre_init.obj</name>
      </input_file>
      <input_file id="fl-ce">
         <path>C:\ti\ccsv7\tools\compiler\ti-cgt-arm_16.9.0.LTS\lib\</path>
         <kind>archive</kind>
         <file>rtsv7M4_T_le_v4SPD16_eabi.lib</file>
         <name>stkdepth_vars.obj</name>
      </input_file>
      <input_file id="fl-cf">
         <path>C:\ti\ccsv7\tools\compiler\ti-cgt-arm_16.9.0.LTS\lib\</path>
         <kind>archive</kind>
         <file>rtsv7M4_T_le_v4SPD16_eabi.lib</file>
         <name>_lock.obj</name>
      </input_file>
      <input_file id="fl-d0">
         <path>C:\ti\ccsv7\tools\compiler\ti-cgt-arm_16.9.0.LTS\lib\</path>
         <kind>archive</kind>
         <file>rtsv7M4_T_le_v4SPD16_eabi.lib</file>
         <name>args_main.obj</name>
      </input_file>
      <input_file id="fl-d1">
         <path>C:\ti\ccsv7\tools\compiler\ti-cgt-arm_16.9.0.LTS\lib\</path>
         <kind>archive</kind>
         <file>rtsv7M4_T_le_v4SPD16_eabi.lib</file>
         <name>autoinit.obj</name>
      </input_file>
      <input_file id="fl-d2">
         <path>C:\ti\ccsv7\tools\compiler\ti-cgt-arm_16.9.0.LTS\lib\</path>
         <kind>archive</kind>
         <file>rtsv7M4_T_le_v4SPD16_eabi.lib</file>
         <name>cpy_tbl.obj</name>
      </input_file>
      <input_file id="fl-d3">
         <path>C:\ti\ccsv7\tools\compiler\ti-cgt-arm_16.9.0.LTS\lib\</path>
         <kind>archive</kind>
         <file>rtsv7M4_T_le_v4SPD16_eabi.lib</file>
         <name>startup.obj</name>
      </input_file>
      <input_file id="fl-d4">
         <path>C:\ti\tirex-content\TivaWare_C_Series-2.1.3.156\driverlib\ccs\Debug\</path>
         <kind>archive</kind>
         <file>driverlib.lib</file>
         <name>gpio.obj</name>
      </input_file>
      <input_file id="fl-d5">
         <path>C:\ti\tirex-content\TivaWare_C_Series-2.1.3.156\driverlib\ccs\Debug\</path>
         <kind>archive</kind>
         <file>driverlib.lib</file>
         <name>interrupt.obj</name>
      </input_file>
      <input_file id="fl-d6">
         <path>C:\ti\tirex-content\TivaWare_C_Series-2.1.3.156\driverlib\ccs\Debug\</path>
         <kind>archive</kind>
         <file>driverlib.lib</file>
         <name>lcd.obj</name>
      </input_file>
      <input_file id="fl-d7">
         <path>C:\ti\tirex-content\TivaWare_C_Series-2.1.3.156\driverlib\ccs\Debug\</path>
         <kind>archive</kind>
         <file>driverlib.lib</file>
         <name>sysctl.obj</name>
      </input_file>
      <input_file id="fl-d8">
         <path>C:\ti\tirex-content\TivaWare_C_Series-2.1.3.156\driverlib\ccs\Debug\</path>
         <kind>archive</kind>
         <file>driverlib.lib</file>
         <name>timer.obj</name>
      </input_file>
      <input_file id="fl-d9">
         <path>C:\ti\tirex-content\TivaWare_C_Series-2.1.3.156\driverlib\ccs\Debug\</path>
         <kind>archive</kind>
         <file>driverlib.lib</file>
         <name>cpu.obj</name>
      </input_file>
      <input_file id="fl-da">
         <path>C:\ti\tirex-content\TivaWare_C_Series-2.1.3.156\grlib\ccs\Debug\</path>
         <kind>archive</kind>
         <file>grlib.lib</file>
         <name>context.obj</name>
      </input_file>
      <input_file id="fl-db">
         <path>C:\ti\tirex-content\TivaWare_C_Series-2.1.3.156\grlib\ccs\Debug\</path>
         <kind>archive</kind>
         <file>grlib.lib</file>
         <name>image.obj</name>
      </input_file>
      <input_file id="fl-dc">
         <path>C:\ti\tirex-content\TivaWare_C_Series-2.1.3.156\grlib\ccs\Debug\</path>
         <kind>archive</kind>
         <file>grlib.lib</file>
         <name>line.obj</name>
      </input_file>
      <input_file id="fl-dd">
         <path>C:\ti\tirex-content\TivaWare_C_Series-2.1.3.156\grlib\ccs\Debug\</path>
         <kind>archive</kind>
         <file>grlib.lib</file>
         <name>rectangle.obj</name>
      </input_file>
      <input_file id="fl-de">
         <path>C:\ti\tirex-content\TivaWare_C_Series-2.1.3.156\grlib\ccs\Debug\</path>
         <kind>archive</kind>
         <file>grlib.lib</file>
         <name>string.obj</name>
      </input_file>
      <input_file id="fl-df">
         <path>C:\ti\tirex-content\TivaWare_C_Series-2.1.3.156\grlib\ccs\Debug\</path>
         <kind>archive</kind>
         <file>grlib.lib</file>
         <name>fontcmss18b.obj</name>
      </input_file>
      <input_file id="fl-e0">
         <path>C:\ti\tirex-content\TivaWare_C_Series-2.1.3.156\grlib\ccs\Debug\</path>
         <kind>archive</kind>
         <file>grlib.lib</file>
         <name>charmap.obj</name>
      </input_file>
   </input_file_list>
   <object_component_list>
      <object_component id="oc-f">
         <name>.intvecs</name>
         <load_address>0x0</load_address>
         <run_address>0x0</run_address>
         <size>0x200</size>
         <input_file_ref idref="fl-2"/>
      </object_component>
      <object_component id="oc-130">
         <name>.text:PinoutSet</name>
         <load_address>0x4040</load_address>
         <run_address>0x4040</run_address>
         <size>0x4b8</size>
         <input_file_ref idref="fl-6"/>
      </object_component>
      <object_component id="oc-136">
         <name>.text:Kentec320x240x16_SSD2119Init</name>
         <load_address>0x44f8</load_address>
         <run_address>0x44f8</run_address>
         <size>0x484</size>
         <input_file_ref idref="fl-5"/>
      </object_component>
      <object_component id="oc-e0">
         <name>.text:main</name>
         <load_address>0x497c</load_address>
         <run_address>0x497c</run_address>
         <size>0x37c</size>
         <input_file_ref idref="fl-3"/>
      </object_component>
      <object_component id="oc-33d">
         <name>.text:InternalImageDraw</name>
         <load_address>0x4cf8</load_address>
         <run_address>0x4cf8</run_address>
         <size>0x374</size>
         <input_file_ref idref="fl-db"/>
      </object_component>
      <object_component id="oc-3a2">
         <name>.text:PixelTransparentDraw</name>
         <load_address>0x506c</load_address>
         <run_address>0x506c</run_address>
         <size>0x2f8</size>
         <input_file_ref idref="fl-db"/>
      </object_component>
      <object_component id="oc-329">
         <name>.text:GrFontGlyphRender</name>
         <load_address>0x5364</load_address>
         <run_address>0x5364</run_address>
         <size>0x254</size>
         <input_file_ref idref="fl-de"/>
      </object_component>
      <object_component id="oc-142">
         <name>.text:FrameDraw</name>
         <load_address>0x55b8</load_address>
         <run_address>0x55b8</run_address>
         <size>0x1f8</size>
         <input_file_ref idref="fl-4"/>
      </object_component>
      <object_component id="oc-12a">
         <name>.text:SysCtlClockFreqSet</name>
         <load_address>0x57b0</load_address>
         <run_address>0x57b0</run_address>
         <size>0x1ec</size>
         <input_file_ref idref="fl-d7"/>
      </object_component>
      <object_component id="oc-2af">
         <name>.text:Kentec320x240x16_SSD2119PixelDrawMultiple</name>
         <load_address>0x599c</load_address>
         <run_address>0x599c</run_address>
         <size>0x1cc</size>
         <input_file_ref idref="fl-5"/>
      </object_component>
      <object_component id="oc-2c1">
         <name>.text:Kentec320x240x16_SSD2119RectFill</name>
         <load_address>0x5b68</load_address>
         <run_address>0x5b68</run_address>
         <size>0x194</size>
         <input_file_ref idref="fl-5"/>
      </object_component>
      <object_component id="oc-9b">
         <name>.text:TouchScreenDebouncer</name>
         <load_address>0x5cfc</load_address>
         <run_address>0x5cfc</run_address>
         <size>0x180</size>
         <input_file_ref idref="fl-8"/>
      </object_component>
      <object_component id="oc-49">
         <name>.text:SoundIntHandler</name>
         <load_address>0x5e7c</load_address>
         <run_address>0x5e7c</run_address>
         <size>0x17c</size>
         <input_file_ref idref="fl-7"/>
      </object_component>
      <object_component id="oc-172">
         <name>.text:GenerateAudio</name>
         <load_address>0x5ff8</load_address>
         <run_address>0x5ff8</run_address>
         <size>0x158</size>
         <input_file_ref idref="fl-3"/>
      </object_component>
      <object_component id="oc-43">
         <name>.text:TouchScreenIntHandler</name>
         <load_address>0x6150</load_address>
         <run_address>0x6150</run_address>
         <size>0x140</size>
         <input_file_ref idref="fl-8"/>
      </object_component>
      <object_component id="oc-303">
         <name>.text:GPIOPadConfigSet</name>
         <load_address>0x6290</load_address>
         <run_address>0x6290</run_address>
         <size>0x132</size>
         <input_file_ref idref="fl-d4"/>
      </object_component>
      <object_component id="oc-148">
         <name>.text:GrLineDraw</name>
         <load_address>0x63c2</load_address>
         <run_address>0x63c2</run_address>
         <size>0x106</size>
         <input_file_ref idref="fl-dc"/>
      </object_component>
      <object_component id="oc-154">
         <name>.text:TouchScreenInit</name>
         <load_address>0x64c8</load_address>
         <run_address>0x64c8</run_address>
         <size>0xf4</size>
         <input_file_ref idref="fl-8"/>
      </object_component>
      <object_component id="oc-21c">
         <name>.text:GrDefaultStringRenderer</name>
         <load_address>0x65bc</load_address>
         <run_address>0x65bc</run_address>
         <size>0xc0</size>
         <input_file_ref idref="fl-de"/>
      </object_component>
      <object_component id="oc-26a">
         <name>.text:GrLineClip</name>
         <load_address>0x667c</load_address>
         <run_address>0x667c</run_address>
         <size>0xb8</size>
         <input_file_ref idref="fl-dc"/>
      </object_component>
      <object_component id="oc-16c">
         <name>.text:SoundStart</name>
         <load_address>0x6734</load_address>
         <run_address>0x6734</run_address>
         <size>0xb4</size>
         <input_file_ref idref="fl-7"/>
      </object_component>
      <object_component id="oc-2b5">
         <name>.text:Kentec320x240x16_SSD2119LineDrawH</name>
         <load_address>0x67e8</load_address>
         <run_address>0x67e8</run_address>
         <size>0xb0</size>
         <input_file_ref idref="fl-5"/>
      </object_component>
      <object_component id="oc-2bb">
         <name>.text:Kentec320x240x16_SSD2119LineDrawV</name>
         <load_address>0x6898</load_address>
         <run_address>0x6898</run_address>
         <size>0xb0</size>
         <input_file_ref idref="fl-5"/>
      </object_component>
      <object_component id="oc-160">
         <name>.text:SoundInit</name>
         <load_address>0x6948</load_address>
         <run_address>0x6948</run_address>
         <size>0xac</size>
         <input_file_ref idref="fl-7"/>
      </object_component>
      <object_component id="oc-5d">
         <name>.text</name>
         <load_address>0x69f4</load_address>
         <run_address>0x69f4</run_address>
         <size>0x9c</size>
         <input_file_ref idref="fl-ca"/>
      </object_component>
      <object_component id="oc-181">
         <name>.text:TouchCallback</name>
         <load_address>0x6a90</load_address>
         <run_address>0x6a90</run_address>
         <size>0x94</size>
         <input_file_ref idref="fl-3"/>
      </object_component>
      <object_component id="oc-14e">
         <name>.text:GrRectFill</name>
         <load_address>0x6b24</load_address>
         <run_address>0x6b24</run_address>
         <size>0x86</size>
         <input_file_ref idref="fl-dd"/>
      </object_component>
      <object_component id="oc-69">
         <name>.text</name>
         <load_address>0x6baa</load_address>
         <run_address>0x6baa</run_address>
         <size>0x7a</size>
         <input_file_ref idref="fl-cb"/>
      </object_component>
      <object_component id="oc-2a9">
         <name>.text:Kentec320x240x16_SSD2119PixelDraw</name>
         <load_address>0x6c24</load_address>
         <run_address>0x6c24</run_address>
         <size>0x78</size>
         <input_file_ref idref="fl-5"/>
      </object_component>
      <object_component id="oc-81">
         <name>.text</name>
         <load_address>0x6c9c</load_address>
         <run_address>0x6c9c</run_address>
         <size>0x70</size>
         <input_file_ref idref="fl-d1"/>
      </object_component>
      <object_component id="oc-13c">
         <name>.text:GrContextInit</name>
         <load_address>0x6d0c</load_address>
         <run_address>0x6d0c</run_address>
         <size>0x68</size>
         <input_file_ref idref="fl-da"/>
      </object_component>
      <object_component id="oc-23b">
         <name>.text:GrStringWidthGet</name>
         <load_address>0x6d74</load_address>
         <run_address>0x6d74</run_address>
         <size>0x68</size>
         <input_file_ref idref="fl-de"/>
      </object_component>
      <object_component id="oc-12">
         <name>.text:decompress:lzss</name>
         <load_address>0x6ddc</load_address>
         <run_address>0x6ddc</run_address>
         <size>0x68</size>
         <input_file_ref idref="fl-c6"/>
      </object_component>
      <object_component id="oc-229">
         <name>.text:GrContextClipRegionSet</name>
         <load_address>0x6e44</load_address>
         <run_address>0x6e44</run_address>
         <size>0x66</size>
         <input_file_ref idref="fl-da"/>
      </object_component>
      <object_component id="oc-390">
         <name>.text:FontWideGlyphDataGet</name>
         <load_address>0x6eaa</load_address>
         <run_address>0x6eaa</run_address>
         <size>0x5a</size>
         <input_file_ref idref="fl-de"/>
      </object_component>
      <object_component id="oc-280">
         <name>.text:TimerControlTrigger</name>
         <load_address>0x6f04</load_address>
         <run_address>0x6f04</run_address>
         <size>0x58</size>
         <input_file_ref idref="fl-d8"/>
      </object_component>
      <object_component id="oc-24">
         <name>.text</name>
         <load_address>0x6f5c</load_address>
         <run_address>0x6f5c</run_address>
         <size>0x54</size>
         <input_file_ref idref="fl-c5"/>
      </object_component>
      <object_component id="oc-8d">
         <name>.text</name>
         <load_address>0x6fb0</load_address>
         <run_address>0x6fb0</run_address>
         <size>0x54</size>
         <input_file_ref idref="fl-c9"/>
      </object_component>
      <object_component id="oc-d2">
         <name>.text</name>
         <load_address>0x7004</load_address>
         <run_address>0x7004</run_address>
         <size>0x4c</size>
         <input_file_ref idref="fl-d2"/>
      </object_component>
      <object_component id="oc-346">
         <name>.text:UpdateContextCharMapping</name>
         <load_address>0x7050</load_address>
         <run_address>0x7050</run_address>
         <size>0x4a</size>
         <input_file_ref idref="fl-de"/>
      </object_component>
      <object_component id="oc-37">
         <name>.text:FaultISR</name>
         <load_address>0x709a</load_address>
         <run_address>0x709a</run_address>
         <size>0x2</size>
         <input_file_ref idref="fl-2"/>
      </object_component>
      <object_component id="oc-1c6">
         <name>.text:_SysCtlFrequencyGet</name>
         <load_address>0x709c</load_address>
         <run_address>0x709c</run_address>
         <size>0x48</size>
         <input_file_ref idref="fl-d7"/>
      </object_component>
      <object_component id="oc-270">
         <name>.text:GrLineDrawH</name>
         <load_address>0x70e4</load_address>
         <run_address>0x70e4</run_address>
         <size>0x46</size>
         <input_file_ref idref="fl-dc"/>
      </object_component>
      <object_component id="oc-276">
         <name>.text:GrLineDrawV</name>
         <load_address>0x712a</load_address>
         <run_address>0x712a</run_address>
         <size>0x46</size>
         <input_file_ref idref="fl-dc"/>
      </object_component>
      <object_component id="oc-203">
         <name>.text:LCDIDDTimingSet</name>
         <load_address>0x7170</load_address>
         <run_address>0x7170</run_address>
         <size>0x3c</size>
         <input_file_ref idref="fl-d6"/>
      </object_component>
      <object_component id="oc-396">
         <name>.text:FontGlyphDataGet</name>
         <load_address>0x71ac</load_address>
         <run_address>0x71ac</run_address>
         <size>0x3a</size>
         <input_file_ref idref="fl-de"/>
      </object_component>
      <object_component id="oc-368">
         <name>.text:GrClipCodeGet</name>
         <load_address>0x71e6</load_address>
         <run_address>0x71e6</run_address>
         <size>0x36</size>
         <input_file_ref idref="fl-dc"/>
      </object_component>
      <object_component id="oc-18a">
         <name>.text:SoundCallback</name>
         <load_address>0x721c</load_address>
         <run_address>0x721c</run_address>
         <size>0x34</size>
         <input_file_ref idref="fl-3"/>
      </object_component>
      <object_component id="oc-1e4">
         <name>.text:SysCtlPeripheralEnable</name>
         <load_address>0x7250</load_address>
         <run_address>0x7250</run_address>
         <size>0x34</size>
         <input_file_ref idref="fl-d7"/>
      </object_component>
      <object_component id="oc-31d">
         <name>.text:GrStringNextCharGet</name>
         <load_address>0x7284</load_address>
         <run_address>0x7284</run_address>
         <size>0x2e</size>
         <input_file_ref idref="fl-de"/>
      </object_component>
      <object_component id="oc-241">
         <name>.text:GrFontBaselineGet</name>
         <load_address>0x72b2</load_address>
         <run_address>0x72b2</run_address>
         <size>0x2c</size>
         <input_file_ref idref="fl-de"/>
      </object_component>
      <object_component id="oc-2fd">
         <name>.text:GPIODirModeSet</name>
         <load_address>0x72de</load_address>
         <run_address>0x72de</run_address>
         <size>0x2a</size>
         <input_file_ref idref="fl-d4"/>
      </object_component>
      <object_component id="oc-288">
         <name>.text:TimerUpdateMode</name>
         <load_address>0x7308</load_address>
         <run_address>0x7308</run_address>
         <size>0x28</size>
         <input_file_ref idref="fl-d8"/>
      </object_component>
      <object_component id="oc-317">
         <name>.text:GrFontInfoGet</name>
         <load_address>0x7330</load_address>
         <run_address>0x7330</run_address>
         <size>0x26</size>
         <input_file_ref idref="fl-de"/>
      </object_component>
      <object_component id="oc-3d">
         <name>.text:IntDefaultHandler</name>
         <load_address>0x7356</load_address>
         <run_address>0x7356</run_address>
         <size>0x2</size>
         <input_file_ref idref="fl-2"/>
      </object_component>
      <object_component id="oc-29d">
         <name>.text:sine</name>
         <load_address>0x7358</load_address>
         <run_address>0x7358</run_address>
         <size>0x24</size>
         <input_file_ref idref="fl-9"/>
      </object_component>
      <object_component id="oc-323">
         <name>.text:GrFontGlyphDataGet</name>
         <load_address>0x737c</load_address>
         <run_address>0x737c</run_address>
         <size>0x22</size>
         <input_file_ref idref="fl-de"/>
      </object_component>
      <object_component id="oc-1f1">
         <name>.text:LCDModeSet</name>
         <load_address>0x739e</load_address>
         <run_address>0x739e</run_address>
         <size>0x22</size>
         <input_file_ref idref="fl-d6"/>
      </object_component>
      <object_component id="oc-1c0">
         <name>.text:_SysCtlMemTimingGet</name>
         <load_address>0x73c0</load_address>
         <run_address>0x73c0</run_address>
         <size>0x20</size>
         <input_file_ref idref="fl-d7"/>
      </object_component>
      <object_component id="oc-3ac">
         <name>.text:GrFontCodepageGet</name>
         <load_address>0x73e0</load_address>
         <run_address>0x73e0</run_address>
         <size>0x1e</size>
         <input_file_ref idref="fl-de"/>
      </object_component>
      <object_component id="oc-2cd">
         <name>.text:Kentec320x240x16_SSD2119Flush</name>
         <load_address>0x73fe</load_address>
         <run_address>0x73fe</run_address>
         <size>0x2</size>
         <input_file_ref idref="fl-5"/>
      </object_component>
      <object_component id="oc-291">
         <name>.text:SoundVolumeUp</name>
         <load_address>0x7400</load_address>
         <run_address>0x7400</run_address>
         <size>0x1c</size>
         <input_file_ref idref="fl-7"/>
      </object_component>
      <object_component id="oc-297">
         <name>.text:SoundVolumeDown</name>
         <load_address>0x741c</load_address>
         <run_address>0x741c</run_address>
         <size>0x18</size>
         <input_file_ref idref="fl-7"/>
      </object_component>
      <object_component id="oc-87">
         <name>.text</name>
         <load_address>0x7434</load_address>
         <run_address>0x7434</run_address>
         <size>0x18</size>
         <input_file_ref idref="fl-d0"/>
      </object_component>
      <object_component id="oc-247">
         <name>.text:GrStringDraw</name>
         <load_address>0x744c</load_address>
         <run_address>0x744c</run_address>
         <size>0x16</size>
         <input_file_ref idref="fl-de"/>
      </object_component>
      <object_component id="oc-2c7">
         <name>.text:Kentec320x240x16_SSD2119ColorTranslate</name>
         <load_address>0x7462</load_address>
         <run_address>0x7462</run_address>
         <size>0x16</size>
         <input_file_ref idref="fl-5"/>
      </object_component>
      <object_component id="oc-19d">
         <name>.text</name>
         <load_address>0x7478</load_address>
         <run_address>0x7478</run_address>
         <size>0x14</size>
         <input_file_ref idref="fl-cf"/>
      </object_component>
      <object_component id="oc-1d7">
         <name>.text:GPIOPinTypeEthernetLED</name>
         <load_address>0x748c</load_address>
         <run_address>0x748c</run_address>
         <size>0x12</size>
         <input_file_ref idref="fl-d4"/>
      </object_component>
      <object_component id="oc-1dd">
         <name>.text:GPIOPinTypeLCD</name>
         <load_address>0x749e</load_address>
         <run_address>0x749e</run_address>
         <size>0x12</size>
         <input_file_ref idref="fl-d4"/>
      </object_component>
      <object_component id="oc-a9">
         <name>.text:TimerLoadSet</name>
         <load_address>0x74b0</load_address>
         <run_address>0x74b0</run_address>
         <size>0x12</size>
         <input_file_ref idref="fl-d8"/>
      </object_component>
      <object_component id="oc-22f">
         <name>.text:GrImageDraw</name>
         <load_address>0x74c2</load_address>
         <run_address>0x74c2</run_address>
         <size>0xe</size>
         <input_file_ref idref="fl-db"/>
      </object_component>
      <object_component id="oc-18">
         <name>.text:decompress:none</name>
         <load_address>0x74d0</load_address>
         <run_address>0x74d0</run_address>
         <size>0xe</size>
         <input_file_ref idref="fl-c7"/>
      </object_component>
      <object_component id="oc-209">
         <name>.text:LCDIDDCommandWrite</name>
         <load_address>0x74de</load_address>
         <run_address>0x74de</run_address>
         <size>0xc</size>
         <input_file_ref idref="fl-d6"/>
      </object_component>
      <object_component id="oc-20f">
         <name>.text:LCDIDDDataWrite</name>
         <load_address>0x74ea</load_address>
         <run_address>0x74ea</run_address>
         <size>0xc</size>
         <input_file_ref idref="fl-d6"/>
      </object_component>
      <object_component id="oc-31">
         <name>.text:NmiSR</name>
         <load_address>0x74f6</load_address>
         <run_address>0x74f6</run_address>
         <size>0x2</size>
         <input_file_ref idref="fl-2"/>
      </object_component>
      <object_component id="oc-166">
         <name>.text:SoundVolumeSet</name>
         <load_address>0x74f8</load_address>
         <run_address>0x74f8</run_address>
         <size>0xc</size>
         <input_file_ref idref="fl-7"/>
      </object_component>
      <object_component id="oc-15a">
         <name>.text:TouchScreenCallbackSet</name>
         <load_address>0x7504</load_address>
         <run_address>0x7504</run_address>
         <size>0xc</size>
         <input_file_ref idref="fl-8"/>
      </object_component>
      <object_component id="oc-1e">
         <name>.text:decompress:ZI</name>
         <load_address>0x7510</load_address>
         <run_address>0x7510</run_address>
         <size>0xc</size>
         <input_file_ref idref="fl-c8"/>
      </object_component>
      <object_component id="oc-332">
         <name>.text:GrMapISO8859_1_Unicode</name>
         <load_address>0x751c</load_address>
         <run_address>0x751c</run_address>
         <size>0x8</size>
         <input_file_ref idref="fl-e0"/>
      </object_component>
      <object_component id="oc-1ea">
         <name>.text:GPIOPinWrite</name>
         <load_address>0x7524</load_address>
         <run_address>0x7524</run_address>
         <size>0x6</size>
         <input_file_ref idref="fl-d4"/>
      </object_component>
      <object_component id="oc-235">
         <name>.text:GrContextFontSet</name>
         <load_address>0x752a</load_address>
         <run_address>0x752a</run_address>
         <size>0x6</size>
         <input_file_ref idref="fl-de"/>
      </object_component>
      <object_component id="oc-2b">
         <name>.text:ResetISR</name>
         <load_address>0x7530</load_address>
         <run_address>0x7530</run_address>
         <size>0x6</size>
         <input_file_ref idref="fl-2"/>
      </object_component>
      <object_component id="oc-1f0">
         <name>.text:SysCtlDelay</name>
         <load_address>0x7536</load_address>
         <run_address>0x7536</run_address>
         <size>0x6</size>
         <input_file_ref idref="fl-d7"/>
      </object_component>
      <object_component id="oc-1f7">
         <name>.text:LCDDMAConfigSet</name>
         <load_address>0x753c</load_address>
         <run_address>0x753c</run_address>
         <size>0x4</size>
         <input_file_ref idref="fl-d6"/>
      </object_component>
      <object_component id="oc-1fd">
         <name>.text:LCDIDDConfigSet</name>
         <load_address>0x7540</load_address>
         <run_address>0x7540</run_address>
         <size>0x4</size>
         <input_file_ref idref="fl-d6"/>
      </object_component>
      <object_component id="oc-7b">
         <name>.text</name>
         <load_address>0x7544</load_address>
         <run_address>0x7544</run_address>
         <size>0x4</size>
         <input_file_ref idref="fl-cd"/>
      </object_component>
      <object_component id="oc-75">
         <name>.text</name>
         <load_address>0x7548</load_address>
         <run_address>0x7548</run_address>
         <size>0x2</size>
         <input_file_ref idref="fl-cc"/>
      </object_component>
      <object_component id="oc-d8">
         <name>.text</name>
         <load_address>0x754a</load_address>
         <run_address>0x754a</run_address>
         <size>0x2</size>
         <input_file_ref idref="fl-d3"/>
      </object_component>
      <object_component id="oc-250">
         <name>.const:.string:g_pui8Top</name>
         <load_address>0x200</load_address>
         <run_address>0x200</run_address>
         <size>0x1a46</size>
         <input_file_ref idref="fl-4"/>
      </object_component>
      <object_component id="oc-25f">
         <name>.const:.string:g_pui8Bottom</name>
         <load_address>0x1c46</load_address>
         <run_address>0x1c46</run_address>
         <size>0x786</size>
         <input_file_ref idref="fl-4"/>
      </object_component>
      <object_component id="oc-360">
         <name>.const:.string:g_pui8Cmss18bData</name>
         <load_address>0x23cc</load_address>
         <run_address>0x23cc</run_address>
         <size>0x782</size>
         <input_file_ref idref="fl-df"/>
      </object_component>
      <object_component id="oc-256">
         <name>.const:.string:g_pui8Left</name>
         <load_address>0x2b4e</load_address>
         <run_address>0x2b4e</run_address>
         <size>0x546</size>
         <input_file_ref idref="fl-4"/>
      </object_component>
      <object_component id="oc-259">
         <name>.const:.string:g_pui8Right</name>
         <load_address>0x3094</load_address>
         <run_address>0x3094</run_address>
         <size>0x546</size>
         <input_file_ref idref="fl-4"/>
      </object_component>
      <object_component id="oc-1cf">
         <name>.const:g_pppui32XTALtoVCO</name>
         <load_address>0x35dc</load_address>
         <run_address>0x35dc</run_address>
         <size>0x1b0</size>
         <input_file_ref idref="fl-d7"/>
      </object_component>
      <object_component id="oc-24d">
         <name>.const:.string:g_pui8TopLeft</name>
         <load_address>0x378c</load_address>
         <run_address>0x378c</run_address>
         <size>0x17c</size>
         <input_file_ref idref="fl-4"/>
      </object_component>
      <object_component id="oc-253">
         <name>.const:.string:g_pui8TopRight</name>
         <load_address>0x3908</load_address>
         <run_address>0x3908</run_address>
         <size>0x173</size>
         <input_file_ref idref="fl-4"/>
      </object_component>
      <object_component id="oc-379">
         <name>.const:g_pui16FixedSineTable</name>
         <load_address>0x3a7c</load_address>
         <run_address>0x3a7c</run_address>
         <size>0x102</size>
         <input_file_ref idref="fl-9"/>
      </object_component>
      <object_component id="oc-17b">
         <name>.const:g_psWhiteKeys</name>
         <load_address>0x3b80</load_address>
         <run_address>0x3b80</run_address>
         <size>0xe0</size>
         <input_file_ref idref="fl-3"/>
      </object_component>
      <object_component id="oc-25c">
         <name>.const:.string:g_pui8BottomLeft</name>
         <load_address>0x3c60</load_address>
         <run_address>0x3c60</run_address>
         <size>0xd0</size>
         <input_file_ref idref="fl-4"/>
      </object_component>
      <object_component id="oc-265">
         <name>.const:g_sFontCmss18b</name>
         <load_address>0x3d30</load_address>
         <run_address>0x3d30</run_address>
         <size>0xc8</size>
         <input_file_ref idref="fl-df"/>
      </object_component>
      <object_component id="oc-262">
         <name>.const:.string:g_pui8BottomRight</name>
         <load_address>0x3df8</load_address>
         <run_address>0x3df8</run_address>
         <size>0xc4</size>
         <input_file_ref idref="fl-4"/>
      </object_component>
      <object_component id="oc-17e">
         <name>.const:g_psBlackKeys</name>
         <load_address>0x3ebc</load_address>
         <run_address>0x3ebc</run_address>
         <size>0x8c</size>
         <input_file_ref idref="fl-3"/>
      </object_component>
      <object_component id="oc-1cc">
         <name>.const:g_pui32Xtals</name>
         <load_address>0x3f48</load_address>
         <run_address>0x3f48</run_address>
         <size>0x6c</size>
         <input_file_ref idref="fl-d7"/>
      </object_component>
      <object_component id="oc-2eb">
         <name>.const:g_sXTALtoMEMTIM</name>
         <load_address>0x3fb4</load_address>
         <run_address>0x3fb4</run_address>
         <size>0x30</size>
         <input_file_ref idref="fl-d7"/>
      </object_component>
      <object_component id="oc-178">
         <name>.const:g_sKentec320x240x16_SSD2119</name>
         <load_address>0x3fe4</load_address>
         <run_address>0x3fe4</run_address>
         <size>0x28</size>
         <input_file_ref idref="fl-5"/>
      </object_component>
      <object_component id="oc-f3">
         <name>.const:g_pi32TouchParameters</name>
         <load_address>0x400c</load_address>
         <run_address>0x400c</run_address>
         <size>0x1c</size>
         <input_file_ref idref="fl-8"/>
      </object_component>
      <object_component id="oc-222">
         <name>.const</name>
         <load_address>0x4028</load_address>
         <run_address>0x4028</run_address>
         <size>0x10</size>
         <input_file_ref idref="fl-da"/>
      </object_component>
      <object_component id="oc-1d2">
         <name>.const</name>
         <load_address>0x4038</load_address>
         <run_address>0x4038</run_address>
         <size>0x8</size>
         <input_file_ref idref="fl-d7"/>
      </object_component>
      <object_component id="oc-3e4">
         <name>.cinit..data.load</name>
         <load_address>0x7550</load_address>
         <run_address>0x7550</run_address>
         <size>0x17</size>
      </object_component>
      <object_component id="oc-3e2">
         <name>__TI_handler_table</name>
         <load_address>0x7568</load_address>
         <run_address>0x7568</run_address>
         <size>0xc</size>
      </object_component>
      <object_component id="oc-3e5">
         <name>.cinit..bss.load</name>
         <load_address>0x7578</load_address>
         <run_address>0x7578</run_address>
         <size>0x8</size>
      </object_component>
      <object_component id="oc-3e3">
         <name>__TI_cinit_table</name>
         <load_address>0x7580</load_address>
         <run_address>0x7580</run_address>
         <size>0x10</size>
      </object_component>
      <object_component id="oc-2a5">
         <name>.data</name>
         <load_address>0x2000148c</load_address>
         <run_address>0x2000148c</run_address>
         <size>0x4</size>
         <input_file_ref idref="fl-3"/>
      </object_component>
      <object_component id="oc-f6">
         <name>.data</name>
         <load_address>0x20001490</load_address>
         <run_address>0x20001490</run_address>
         <size>0x4</size>
         <input_file_ref idref="fl-8"/>
      </object_component>
      <object_component id="oc-e8">
         <name>.data:$O1$$</name>
         <load_address>0x20001474</load_address>
         <run_address>0x20001474</run_address>
         <size>0xc</size>
         <input_file_ref idref="fl-c9"/>
      </object_component>
      <object_component id="oc-93">
         <name>.data</name>
         <load_address>0x20001488</load_address>
         <run_address>0x20001488</run_address>
         <size>0x4</size>
         <input_file_ref idref="fl-ce"/>
      </object_component>
      <object_component id="oc-eb">
         <name>.data:$O1$$</name>
         <load_address>0x20001480</load_address>
         <run_address>0x20001480</run_address>
         <size>0x8</size>
         <input_file_ref idref="fl-cf"/>
      </object_component>
      <object_component id="oc-187">
         <name>.bss:g_pi16AudioBuffer</name>
         <uninitialized>true</uninitialized>
         <run_address>0x20000000</run_address>
         <size>0x1000</size>
         <input_file_ref idref="fl-3"/>
      </object_component>
      <object_component id="oc-190">
         <name>.bss</name>
         <uninitialized>true</uninitialized>
         <run_address>0x20001060</run_address>
         <size>0x4</size>
         <input_file_ref idref="fl-3"/>
      </object_component>
      <object_component id="oc-af">
         <name>.bss:g_sSoundState</name>
         <uninitialized>true</uninitialized>
         <run_address>0x20001000</run_address>
         <size>0x28</size>
         <input_file_ref idref="fl-7"/>
      </object_component>
      <object_component id="oc-a1">
         <name>.bss</name>
         <uninitialized>true</uninitialized>
         <run_address>0x20001058</run_address>
         <size>0x8</size>
         <input_file_ref idref="fl-8"/>
      </object_component>
      <object_component id="oc-f9">
         <name>.bss:g_pi16Samples</name>
         <uninitialized>true</uninitialized>
         <run_address>0x20001048</run_address>
         <size>0x10</size>
         <input_file_ref idref="fl-8"/>
      </object_component>
      <object_component id="oc-2a4">
         <name>.common:g_ui32AudioPos</name>
         <uninitialized>true</uninitialized>
         <run_address>0x20001068</run_address>
         <size>0x4</size>
      </object_component>
      <object_component id="oc-2a3">
         <name>.common:g_ui32AudioStep</name>
         <uninitialized>true</uninitialized>
         <run_address>0x2000106c</run_address>
         <size>0x4</size>
      </object_component>
      <object_component id="oc-a7">
         <name>.common:g_i16TouchX</name>
         <uninitialized>true</uninitialized>
         <run_address>0x20001070</run_address>
         <size>0x2</size>
      </object_component>
      <object_component id="oc-a4">
         <name>.common:g_i16TouchY</name>
         <uninitialized>true</uninitialized>
         <run_address>0x20001072</run_address>
         <size>0x2</size>
      </object_component>
      <object_component id="oc-225">
         <name>.common:g_psGrLibDefaults</name>
         <uninitialized>true</uninitialized>
         <run_address>0x20001064</run_address>
         <size>0x4</size>
      </object_component>
      <object_component id="oc-3a8">
         <name>.common:g_pui8Dictionary</name>
         <uninitialized>true</uninitialized>
         <run_address>0x20001028</run_address>
         <size>0x20</size>
      </object_component>
      <object_component id="oc-2a">
         <name>.stack</name>
         <uninitialized>true</uninitialized>
         <run_address>0x20001074</run_address>
         <size>0x0</size>
         <input_file_ref idref="fl-c5"/>
      </object_component>
      <object_component id="oc-3e6">
         <name>.stack</name>
         <uninitialized>true</uninitialized>
         <run_address>0x20001074</run_address>
         <size>0x0</size>
      </object_component>
      <object_component id="oc-51">
         <name>.debug_info</name>
         <load_address>0x0</load_address>
         <run_address>0x0</run_address>
         <size>0x143</size>
         <input_file_ref idref="fl-2"/>
      </object_component>
      <object_component id="oc-10">
         <name>.debug_info</name>
         <load_address>0x143</load_address>
         <run_address>0x143</run_address>
         <size>0xd6</size>
         <input_file_ref idref="fl-2"/>
      </object_component>
      <object_component id="oc-2c">
         <name>.debug_info</name>
         <load_address>0x219</load_address>
         <run_address>0x219</run_address>
         <size>0x106</size>
         <input_file_ref idref="fl-2"/>
      </object_component>
      <object_component id="oc-32">
         <name>.debug_info</name>
         <load_address>0x31f</load_address>
         <run_address>0x31f</run_address>
         <size>0xf4</size>
         <input_file_ref idref="fl-2"/>
      </object_component>
      <object_component id="oc-3e">
         <name>.debug_info</name>
         <load_address>0x413</load_address>
         <run_address>0x413</run_address>
         <size>0x10f</size>
         <input_file_ref idref="fl-2"/>
      </object_component>
      <object_component id="oc-38">
         <name>.debug_info</name>
         <load_address>0x522</load_address>
         <run_address>0x522</run_address>
         <size>0xfb</size>
         <input_file_ref idref="fl-2"/>
      </object_component>
      <object_component id="oc-58">
         <name>.debug_info</name>
         <load_address>0x61d</load_address>
         <run_address>0x61d</run_address>
         <size>0x84</size>
         <input_file_ref idref="fl-2"/>
      </object_component>
      <object_component id="oc-b5">
         <name>.debug_info</name>
         <load_address>0x6a1</load_address>
         <run_address>0x6a1</run_address>
         <size>0x18b</size>
         <input_file_ref idref="fl-2"/>
      </object_component>
      <object_component id="oc-1af">
         <name>.debug_info</name>
         <load_address>0x82c</load_address>
         <run_address>0x82c</run_address>
         <size>0x6f2</size>
         <input_file_ref idref="fl-3"/>
      </object_component>
      <object_component id="oc-17c">
         <name>.debug_info</name>
         <load_address>0xf1e</load_address>
         <run_address>0xf1e</run_address>
         <size>0xd1</size>
         <input_file_ref idref="fl-3"/>
      </object_component>
      <object_component id="oc-17f">
         <name>.debug_info</name>
         <load_address>0xfef</load_address>
         <run_address>0xfef</run_address>
         <size>0xd2</size>
         <input_file_ref idref="fl-3"/>
      </object_component>
      <object_component id="oc-188">
         <name>.debug_info</name>
         <load_address>0x10c1</load_address>
         <run_address>0x10c1</run_address>
         <size>0xda</size>
         <input_file_ref idref="fl-3"/>
      </object_component>
      <object_component id="oc-191">
         <name>.debug_info</name>
         <load_address>0x119b</load_address>
         <run_address>0x119b</run_address>
         <size>0xce</size>
         <input_file_ref idref="fl-3"/>
      </object_component>
      <object_component id="oc-2a6">
         <name>.debug_info</name>
         <load_address>0x1269</load_address>
         <run_address>0x1269</run_address>
         <size>0xcb</size>
         <input_file_ref idref="fl-3"/>
      </object_component>
      <object_component id="oc-18b">
         <name>.debug_info</name>
         <load_address>0x1334</load_address>
         <run_address>0x1334</run_address>
         <size>0x133</size>
         <input_file_ref idref="fl-3"/>
      </object_component>
      <object_component id="oc-182">
         <name>.debug_info</name>
         <load_address>0x1467</load_address>
         <run_address>0x1467</run_address>
         <size>0x17f</size>
         <input_file_ref idref="fl-3"/>
      </object_component>
      <object_component id="oc-173">
         <name>.debug_info</name>
         <load_address>0x15e6</load_address>
         <run_address>0x15e6</run_address>
         <size>0x257</size>
         <input_file_ref idref="fl-3"/>
      </object_component>
      <object_component id="oc-e1">
         <name>.debug_info</name>
         <load_address>0x183d</load_address>
         <run_address>0x183d</run_address>
         <size>0x432</size>
         <input_file_ref idref="fl-3"/>
      </object_component>
      <object_component id="oc-106">
         <name>.debug_info</name>
         <load_address>0x1c6f</load_address>
         <run_address>0x1c6f</run_address>
         <size>0x6bd</size>
         <input_file_ref idref="fl-3"/>
      </object_component>
      <object_component id="oc-2e4">
         <name>.debug_info</name>
         <load_address>0x232c</load_address>
         <run_address>0x232c</run_address>
         <size>0x86</size>
         <input_file_ref idref="fl-3"/>
      </object_component>
      <object_component id="oc-10b">
         <name>.debug_info</name>
         <load_address>0x23b2</load_address>
         <run_address>0x23b2</run_address>
         <size>0xc6</size>
         <input_file_ref idref="fl-3"/>
      </object_component>
      <object_component id="oc-101">
         <name>.debug_info</name>
         <load_address>0x2478</load_address>
         <run_address>0x2478</run_address>
         <size>0x8b</size>
         <input_file_ref idref="fl-3"/>
      </object_component>
      <object_component id="oc-269">
         <name>.debug_info</name>
         <load_address>0x2503</load_address>
         <run_address>0x2503</run_address>
         <size>0x543</size>
         <input_file_ref idref="fl-4"/>
      </object_component>
      <object_component id="oc-24e">
         <name>.debug_info</name>
         <load_address>0x2a46</load_address>
         <run_address>0x2a46</run_address>
         <size>0x122</size>
         <input_file_ref idref="fl-4"/>
      </object_component>
      <object_component id="oc-251">
         <name>.debug_info</name>
         <load_address>0x2b68</load_address>
         <run_address>0x2b68</run_address>
         <size>0x11a</size>
         <input_file_ref idref="fl-4"/>
      </object_component>
      <object_component id="oc-254">
         <name>.debug_info</name>
         <load_address>0x2c82</load_address>
         <run_address>0x2c82</run_address>
         <size>0x125</size>
         <input_file_ref idref="fl-4"/>
      </object_component>
      <object_component id="oc-257">
         <name>.debug_info</name>
         <load_address>0x2da7</load_address>
         <run_address>0x2da7</run_address>
         <size>0x11d</size>
         <input_file_ref idref="fl-4"/>
      </object_component>
      <object_component id="oc-25a">
         <name>.debug_info</name>
         <load_address>0x2ec4</load_address>
         <run_address>0x2ec4</run_address>
         <size>0x11f</size>
         <input_file_ref idref="fl-4"/>
      </object_component>
      <object_component id="oc-25d">
         <name>.debug_info</name>
         <load_address>0x2fe3</load_address>
         <run_address>0x2fe3</run_address>
         <size>0x129</size>
         <input_file_ref idref="fl-4"/>
      </object_component>
      <object_component id="oc-260">
         <name>.debug_info</name>
         <load_address>0x310c</load_address>
         <run_address>0x310c</run_address>
         <size>0x121</size>
         <input_file_ref idref="fl-4"/>
      </object_component>
      <object_component id="oc-263">
         <name>.debug_info</name>
         <load_address>0x322d</load_address>
         <run_address>0x322d</run_address>
         <size>0x12b</size>
         <input_file_ref idref="fl-4"/>
      </object_component>
      <object_component id="oc-145">
         <name>.debug_info</name>
         <load_address>0x3358</load_address>
         <run_address>0x3358</run_address>
         <size>0x46e</size>
         <input_file_ref idref="fl-4"/>
      </object_component>
      <object_component id="oc-21b">
         <name>.debug_info</name>
         <load_address>0x37c6</load_address>
         <run_address>0x37c6</run_address>
         <size>0x546</size>
         <input_file_ref idref="fl-5"/>
      </object_component>
      <object_component id="oc-179">
         <name>.debug_info</name>
         <load_address>0x3d0c</load_address>
         <run_address>0x3d0c</run_address>
         <size>0x153</size>
         <input_file_ref idref="fl-5"/>
      </object_component>
      <object_component id="oc-2c2">
         <name>.debug_info</name>
         <load_address>0x3e5f</load_address>
         <run_address>0x3e5f</run_address>
         <size>0x604</size>
         <input_file_ref idref="fl-5"/>
      </object_component>
      <object_component id="oc-2b0">
         <name>.debug_info</name>
         <load_address>0x4463</load_address>
         <run_address>0x4463</run_address>
         <size>0x5f9</size>
         <input_file_ref idref="fl-5"/>
      </object_component>
      <object_component id="oc-2aa">
         <name>.debug_info</name>
         <load_address>0x4a5c</load_address>
         <run_address>0x4a5c</run_address>
         <size>0x3c0</size>
         <input_file_ref idref="fl-5"/>
      </object_component>
      <object_component id="oc-2bd">
         <name>.debug_info</name>
         <load_address>0x4e1c</load_address>
         <run_address>0x4e1c</run_address>
         <size>0x430</size>
         <input_file_ref idref="fl-5"/>
      </object_component>
      <object_component id="oc-2b8">
         <name>.debug_info</name>
         <load_address>0x524c</load_address>
         <run_address>0x524c</run_address>
         <size>0x430</size>
         <input_file_ref idref="fl-5"/>
      </object_component>
      <object_component id="oc-138">
         <name>.debug_info</name>
         <load_address>0x567c</load_address>
         <run_address>0x567c</run_address>
         <size>0xb89</size>
         <input_file_ref idref="fl-5"/>
      </object_component>
      <object_component id="oc-2ce">
         <name>.debug_info</name>
         <load_address>0x6205</load_address>
         <run_address>0x6205</run_address>
         <size>0x26f</size>
         <input_file_ref idref="fl-5"/>
      </object_component>
      <object_component id="oc-2c9">
         <name>.debug_info</name>
         <load_address>0x6474</load_address>
         <run_address>0x6474</run_address>
         <size>0x2bb</size>
         <input_file_ref idref="fl-5"/>
      </object_component>
      <object_component id="oc-216">
         <name>.debug_info</name>
         <load_address>0x672f</load_address>
         <run_address>0x672f</run_address>
         <size>0x1a4</size>
         <input_file_ref idref="fl-5"/>
      </object_component>
      <object_component id="oc-131">
         <name>.debug_info</name>
         <load_address>0x68d3</load_address>
         <run_address>0x68d3</run_address>
         <size>0x4c7</size>
         <input_file_ref idref="fl-6"/>
      </object_component>
      <object_component id="oc-1b3">
         <name>.debug_info</name>
         <load_address>0x6d9a</load_address>
         <run_address>0x6d9a</run_address>
         <size>0x1b2</size>
         <input_file_ref idref="fl-7"/>
      </object_component>
      <object_component id="oc-b0">
         <name>.debug_info</name>
         <load_address>0x6f4c</load_address>
         <run_address>0x6f4c</run_address>
         <size>0x122</size>
         <input_file_ref idref="fl-7"/>
      </object_component>
      <object_component id="oc-295">
         <name>.debug_info</name>
         <load_address>0x706e</load_address>
         <run_address>0x706e</run_address>
         <size>0x22a</size>
         <input_file_ref idref="fl-7"/>
      </object_component>
      <object_component id="oc-169">
         <name>.debug_info</name>
         <load_address>0x7298</load_address>
         <run_address>0x7298</run_address>
         <size>0x22c</size>
         <input_file_ref idref="fl-7"/>
      </object_component>
      <object_component id="oc-29b">
         <name>.debug_info</name>
         <load_address>0x74c4</load_address>
         <run_address>0x74c4</run_address>
         <size>0x22e</size>
         <input_file_ref idref="fl-7"/>
      </object_component>
      <object_component id="oc-170">
         <name>.debug_info</name>
         <load_address>0x76f2</load_address>
         <run_address>0x76f2</run_address>
         <size>0x2ea</size>
         <input_file_ref idref="fl-7"/>
      </object_component>
      <object_component id="oc-4d">
         <name>.debug_info</name>
         <load_address>0x79dc</load_address>
         <run_address>0x79dc</run_address>
         <size>0x23f</size>
         <input_file_ref idref="fl-7"/>
      </object_component>
      <object_component id="oc-164">
         <name>.debug_info</name>
         <load_address>0x7c1b</load_address>
         <run_address>0x7c1b</run_address>
         <size>0x27c</size>
         <input_file_ref idref="fl-7"/>
      </object_component>
      <object_component id="oc-114">
         <name>.debug_info</name>
         <load_address>0x7e97</load_address>
         <run_address>0x7e97</run_address>
         <size>0xfe</size>
         <input_file_ref idref="fl-7"/>
      </object_component>
      <object_component id="oc-a5">
         <name>.debug_info</name>
         <load_address>0x7f95</load_address>
         <run_address>0x7f95</run_address>
         <size>0x426</size>
         <input_file_ref idref="fl-8"/>
      </object_component>
      <object_component id="oc-f4">
         <name>.debug_info</name>
         <load_address>0x83bb</load_address>
         <run_address>0x83bb</run_address>
         <size>0x133</size>
         <input_file_ref idref="fl-8"/>
      </object_component>
      <object_component id="oc-a2">
         <name>.debug_info</name>
         <load_address>0x84ee</load_address>
         <run_address>0x84ee</run_address>
         <size>0x14e</size>
         <input_file_ref idref="fl-8"/>
      </object_component>
      <object_component id="oc-f7">
         <name>.debug_info</name>
         <load_address>0x863c</load_address>
         <run_address>0x863c</run_address>
         <size>0x169</size>
         <input_file_ref idref="fl-8"/>
      </object_component>
      <object_component id="oc-fa">
         <name>.debug_info</name>
         <load_address>0x87a5</load_address>
         <run_address>0x87a5</run_address>
         <size>0x122</size>
         <input_file_ref idref="fl-8"/>
      </object_component>
      <object_component id="oc-9c">
         <name>.debug_info</name>
         <load_address>0x88c7</load_address>
         <run_address>0x88c7</run_address>
         <size>0x26b</size>
         <input_file_ref idref="fl-8"/>
      </object_component>
      <object_component id="oc-44">
         <name>.debug_info</name>
         <load_address>0x8b32</load_address>
         <run_address>0x8b32</run_address>
         <size>0x21f</size>
         <input_file_ref idref="fl-8"/>
      </object_component>
      <object_component id="oc-155">
         <name>.debug_info</name>
         <load_address>0x8d51</load_address>
         <run_address>0x8d51</run_address>
         <size>0x2a8</size>
         <input_file_ref idref="fl-8"/>
      </object_component>
      <object_component id="oc-15b">
         <name>.debug_info</name>
         <load_address>0x8ff9</load_address>
         <run_address>0x8ff9</run_address>
         <size>0x244</size>
         <input_file_ref idref="fl-8"/>
      </object_component>
      <object_component id="oc-3ba">
         <name>.debug_info</name>
         <load_address>0x923d</load_address>
         <run_address>0x923d</run_address>
         <size>0xed</size>
         <input_file_ref idref="fl-9"/>
      </object_component>
      <object_component id="oc-37a">
         <name>.debug_info</name>
         <load_address>0x932a</load_address>
         <run_address>0x932a</run_address>
         <size>0x113</size>
         <input_file_ref idref="fl-9"/>
      </object_component>
      <object_component id="oc-29f">
         <name>.debug_info</name>
         <load_address>0x943d</load_address>
         <run_address>0x943d</run_address>
         <size>0x1d3</size>
         <input_file_ref idref="fl-9"/>
      </object_component>
      <object_component id="oc-25">
         <name>.debug_info</name>
         <load_address>0x9610</load_address>
         <run_address>0x9610</run_address>
         <size>0x160</size>
         <input_file_ref idref="fl-c5"/>
      </object_component>
      <object_component id="oc-bf">
         <name>.debug_info</name>
         <load_address>0x9770</load_address>
         <run_address>0x9770</run_address>
         <size>0xf9</size>
         <input_file_ref idref="fl-c6"/>
      </object_component>
      <object_component id="oc-15">
         <name>.debug_info</name>
         <load_address>0x9869</load_address>
         <run_address>0x9869</run_address>
         <size>0x245</size>
         <input_file_ref idref="fl-c6"/>
      </object_component>
      <object_component id="oc-53">
         <name>.debug_info</name>
         <load_address>0x9aae</load_address>
         <run_address>0x9aae</run_address>
         <size>0x60</size>
         <input_file_ref idref="fl-c6"/>
      </object_component>
      <object_component id="oc-ba">
         <name>.debug_info</name>
         <load_address>0x9b0e</load_address>
         <run_address>0x9b0e</run_address>
         <size>0x46</size>
         <input_file_ref idref="fl-c6"/>
      </object_component>
      <object_component id="oc-68">
         <name>.debug_info</name>
         <load_address>0x9b54</load_address>
         <run_address>0x9b54</run_address>
         <size>0x140</size>
         <input_file_ref idref="fl-c7"/>
      </object_component>
      <object_component id="oc-1c">
         <name>.debug_info</name>
         <load_address>0x9c94</load_address>
         <run_address>0x9c94</run_address>
         <size>0x1df</size>
         <input_file_ref idref="fl-c7"/>
      </object_component>
      <object_component id="oc-63">
         <name>.debug_info</name>
         <load_address>0x9e73</load_address>
         <run_address>0x9e73</run_address>
         <size>0x46</size>
         <input_file_ref idref="fl-c7"/>
      </object_component>
      <object_component id="oc-c1">
         <name>.debug_info</name>
         <load_address>0x9eb9</load_address>
         <run_address>0x9eb9</run_address>
         <size>0x2c</size>
         <input_file_ref idref="fl-c7"/>
      </object_component>
      <object_component id="oc-74">
         <name>.debug_info</name>
         <load_address>0x9ee5</load_address>
         <run_address>0x9ee5</run_address>
         <size>0x12f</size>
         <input_file_ref idref="fl-c8"/>
      </object_component>
      <object_component id="oc-1f">
         <name>.debug_info</name>
         <load_address>0xa014</load_address>
         <run_address>0xa014</run_address>
         <size>0x1aa</size>
         <input_file_ref idref="fl-c8"/>
      </object_component>
      <object_component id="oc-6f">
         <name>.debug_info</name>
         <load_address>0xa1be</load_address>
         <run_address>0xa1be</run_address>
         <size>0x46</size>
         <input_file_ref idref="fl-c8"/>
      </object_component>
      <object_component id="oc-c9">
         <name>.debug_info</name>
         <load_address>0xa204</load_address>
         <run_address>0xa204</run_address>
         <size>0x2c</size>
         <input_file_ref idref="fl-c8"/>
      </object_component>
      <object_component id="oc-ef">
         <name>.debug_info</name>
         <load_address>0xa230</load_address>
         <run_address>0xa230</run_address>
         <size>0x234</size>
         <input_file_ref idref="fl-c9"/>
      </object_component>
      <object_component id="oc-e9">
         <name>.debug_info</name>
         <load_address>0xa464</load_address>
         <run_address>0xa464</run_address>
         <size>0x185</size>
         <input_file_ref idref="fl-c9"/>
      </object_component>
      <object_component id="oc-91">
         <name>.debug_info</name>
         <load_address>0xa5e9</load_address>
         <run_address>0xa5e9</run_address>
         <size>0x214</size>
         <input_file_ref idref="fl-c9"/>
      </object_component>
      <object_component id="oc-60">
         <name>.debug_info</name>
         <load_address>0xa7fd</load_address>
         <run_address>0xa7fd</run_address>
         <size>0x111</size>
         <input_file_ref idref="fl-ca"/>
      </object_component>
      <object_component id="oc-6b">
         <name>.debug_info</name>
         <load_address>0xa90e</load_address>
         <run_address>0xa90e</run_address>
         <size>0x13f</size>
         <input_file_ref idref="fl-cb"/>
      </object_component>
      <object_component id="oc-77">
         <name>.debug_info</name>
         <load_address>0xaa4d</load_address>
         <run_address>0xaa4d</run_address>
         <size>0x138</size>
         <input_file_ref idref="fl-cc"/>
      </object_component>
      <object_component id="oc-7c">
         <name>.debug_info</name>
         <load_address>0xab85</load_address>
         <run_address>0xab85</run_address>
         <size>0x148</size>
         <input_file_ref idref="fl-cd"/>
      </object_component>
      <object_component id="oc-94">
         <name>.debug_info</name>
         <load_address>0xaccd</load_address>
         <run_address>0xaccd</run_address>
         <size>0x109</size>
         <input_file_ref idref="fl-ce"/>
      </object_component>
      <object_component id="oc-1a5">
         <name>.debug_info</name>
         <load_address>0xadd6</load_address>
         <run_address>0xadd6</run_address>
         <size>0x124</size>
         <input_file_ref idref="fl-cf"/>
      </object_component>
      <object_component id="oc-ec">
         <name>.debug_info</name>
         <load_address>0xaefa</load_address>
         <run_address>0xaefa</run_address>
         <size>0x113</size>
         <input_file_ref idref="fl-cf"/>
      </object_component>
      <object_component id="oc-19e">
         <name>.debug_info</name>
         <load_address>0xb00d</load_address>
         <run_address>0xb00d</run_address>
         <size>0x21f</size>
         <input_file_ref idref="fl-cf"/>
      </object_component>
      <object_component id="oc-e7">
         <name>.debug_info</name>
         <load_address>0xb22c</load_address>
         <run_address>0xb22c</run_address>
         <size>0x166</size>
         <input_file_ref idref="fl-d0"/>
      </object_component>
      <object_component id="oc-88">
         <name>.debug_info</name>
         <load_address>0xb392</load_address>
         <run_address>0xb392</run_address>
         <size>0x167</size>
         <input_file_ref idref="fl-d0"/>
      </object_component>
      <object_component id="oc-196">
         <name>.debug_info</name>
         <load_address>0xb4f9</load_address>
         <run_address>0xb4f9</run_address>
         <size>0x5e</size>
         <input_file_ref idref="fl-d0"/>
      </object_component>
      <object_component id="oc-df">
         <name>.debug_info</name>
         <load_address>0xb557</load_address>
         <run_address>0xb557</run_address>
         <size>0x2e9</size>
         <input_file_ref idref="fl-d1"/>
      </object_component>
      <object_component id="oc-85">
         <name>.debug_info</name>
         <load_address>0xb840</load_address>
         <run_address>0xb840</run_address>
         <size>0x190</size>
         <input_file_ref idref="fl-d1"/>
      </object_component>
      <object_component id="oc-120">
         <name>.debug_info</name>
         <load_address>0xb9d0</load_address>
         <run_address>0xb9d0</run_address>
         <size>0x39</size>
         <input_file_ref idref="fl-d1"/>
      </object_component>
      <object_component id="oc-1bb">
         <name>.debug_info</name>
         <load_address>0xba09</load_address>
         <run_address>0xba09</run_address>
         <size>0x39</size>
         <input_file_ref idref="fl-d1"/>
      </object_component>
      <object_component id="oc-125">
         <name>.debug_info</name>
         <load_address>0xba42</load_address>
         <run_address>0xba42</run_address>
         <size>0xcd</size>
         <input_file_ref idref="fl-d1"/>
      </object_component>
      <object_component id="oc-11c">
         <name>.debug_info</name>
         <load_address>0xbb0f</load_address>
         <run_address>0xbb0f</run_address>
         <size>0x1e0</size>
         <input_file_ref idref="fl-d2"/>
      </object_component>
      <object_component id="oc-d6">
         <name>.debug_info</name>
         <load_address>0xbcef</load_address>
         <run_address>0xbcef</run_address>
         <size>0x183</size>
         <input_file_ref idref="fl-d2"/>
      </object_component>
      <object_component id="oc-1b6">
         <name>.debug_info</name>
         <load_address>0xbe72</load_address>
         <run_address>0xbe72</run_address>
         <size>0x2c</size>
         <input_file_ref idref="fl-d2"/>
      </object_component>
      <object_component id="oc-db">
         <name>.debug_info</name>
         <load_address>0xbe9e</load_address>
         <run_address>0xbe9e</run_address>
         <size>0x145</size>
         <input_file_ref idref="fl-d3"/>
      </object_component>
      <object_component id="oc-30d">
         <name>.debug_info</name>
         <load_address>0xbfe3</load_address>
         <run_address>0xbfe3</run_address>
         <size>0x230</size>
         <input_file_ref idref="fl-d4"/>
      </object_component>
      <object_component id="oc-1ec">
         <name>.debug_info</name>
         <load_address>0xc213</load_address>
         <run_address>0xc213</run_address>
         <size>0x2a3</size>
         <input_file_ref idref="fl-d4"/>
      </object_component>
      <object_component id="oc-2ff">
         <name>.debug_info</name>
         <load_address>0xc4b6</load_address>
         <run_address>0xc4b6</run_address>
         <size>0x2b3</size>
         <input_file_ref idref="fl-d4"/>
      </object_component>
      <object_component id="oc-305">
         <name>.debug_info</name>
         <load_address>0xc769</load_address>
         <run_address>0xc769</run_address>
         <size>0x316</size>
         <input_file_ref idref="fl-d4"/>
      </object_component>
      <object_component id="oc-1df">
         <name>.debug_info</name>
         <load_address>0xca7f</load_address>
         <run_address>0xca7f</run_address>
         <size>0x279</size>
         <input_file_ref idref="fl-d4"/>
      </object_component>
      <object_component id="oc-1d8">
         <name>.debug_info</name>
         <load_address>0xccf8</load_address>
         <run_address>0xccf8</run_address>
         <size>0x289</size>
         <input_file_ref idref="fl-d4"/>
      </object_component>
      <object_component id="oc-30f">
         <name>.debug_info</name>
         <load_address>0xcf81</load_address>
         <run_address>0xcf81</run_address>
         <size>0x24c</size>
         <input_file_ref idref="fl-d6"/>
      </object_component>
      <object_component id="oc-1f2">
         <name>.debug_info</name>
         <load_address>0xd1cd</load_address>
         <run_address>0xd1cd</run_address>
         <size>0x2e7</size>
         <input_file_ref idref="fl-d6"/>
      </object_component>
      <object_component id="oc-204">
         <name>.debug_info</name>
         <load_address>0xd4b4</load_address>
         <run_address>0xd4b4</run_address>
         <size>0x2bd</size>
         <input_file_ref idref="fl-d6"/>
      </object_component>
      <object_component id="oc-210">
         <name>.debug_info</name>
         <load_address>0xd771</load_address>
         <run_address>0xd771</run_address>
         <size>0x2c1</size>
         <input_file_ref idref="fl-d6"/>
      </object_component>
      <object_component id="oc-1ff">
         <name>.debug_info</name>
         <load_address>0xda32</load_address>
         <run_address>0xda32</run_address>
         <size>0x288</size>
         <input_file_ref idref="fl-d6"/>
      </object_component>
      <object_component id="oc-20b">
         <name>.debug_info</name>
         <load_address>0xdcba</load_address>
         <run_address>0xdcba</run_address>
         <size>0x2c3</size>
         <input_file_ref idref="fl-d6"/>
      </object_component>
      <object_component id="oc-1f9">
         <name>.debug_info</name>
         <load_address>0xdf7d</load_address>
         <run_address>0xdf7d</run_address>
         <size>0x288</size>
         <input_file_ref idref="fl-d6"/>
      </object_component>
      <object_component id="oc-1d6">
         <name>.debug_info</name>
         <load_address>0xe205</load_address>
         <run_address>0xe205</run_address>
         <size>0x298</size>
         <input_file_ref idref="fl-d7"/>
      </object_component>
      <object_component id="oc-1cd">
         <name>.debug_info</name>
         <load_address>0xe49d</load_address>
         <run_address>0xe49d</run_address>
         <size>0x14d</size>
         <input_file_ref idref="fl-d7"/>
      </object_component>
      <object_component id="oc-1d0">
         <name>.debug_info</name>
         <load_address>0xe5ea</load_address>
         <run_address>0xe5ea</run_address>
         <size>0x159</size>
         <input_file_ref idref="fl-d7"/>
      </object_component>
      <object_component id="oc-2ec">
         <name>.debug_info</name>
         <load_address>0xe743</load_address>
         <run_address>0xe743</run_address>
         <size>0x153</size>
         <input_file_ref idref="fl-d7"/>
      </object_component>
      <object_component id="oc-1d3">
         <name>.debug_info</name>
         <load_address>0xe896</load_address>
         <run_address>0xe896</run_address>
         <size>0x160</size>
         <input_file_ref idref="fl-d7"/>
      </object_component>
      <object_component id="oc-1e6">
         <name>.debug_info</name>
         <load_address>0xe9f6</load_address>
         <run_address>0xe9f6</run_address>
         <size>0x27d</size>
         <input_file_ref idref="fl-d7"/>
      </object_component>
      <object_component id="oc-1c1">
         <name>.debug_info</name>
         <load_address>0xec73</load_address>
         <run_address>0xec73</run_address>
         <size>0x270</size>
         <input_file_ref idref="fl-d7"/>
      </object_component>
      <object_component id="oc-1c7">
         <name>.debug_info</name>
         <load_address>0xeee3</load_address>
         <run_address>0xeee3</run_address>
         <size>0x2ba</size>
         <input_file_ref idref="fl-d7"/>
      </object_component>
      <object_component id="oc-12b">
         <name>.debug_info</name>
         <load_address>0xf19d</load_address>
         <run_address>0xf19d</run_address>
         <size>0x47f</size>
         <input_file_ref idref="fl-d7"/>
      </object_component>
      <object_component id="oc-2f8">
         <name>.debug_info</name>
         <load_address>0xf61c</load_address>
         <run_address>0xf61c</run_address>
         <size>0x5f</size>
         <input_file_ref idref="fl-d7"/>
      </object_component>
      <object_component id="oc-111">
         <name>.debug_info</name>
         <load_address>0xf67b</load_address>
         <run_address>0xf67b</run_address>
         <size>0x223</size>
         <input_file_ref idref="fl-d8"/>
      </object_component>
      <object_component id="oc-289">
         <name>.debug_info</name>
         <load_address>0xf89e</load_address>
         <run_address>0xf89e</run_address>
         <size>0x2fa</size>
         <input_file_ref idref="fl-d8"/>
      </object_component>
      <object_component id="oc-aa">
         <name>.debug_info</name>
         <load_address>0xfb98</load_address>
         <run_address>0xfb98</run_address>
         <size>0x2ba</size>
         <input_file_ref idref="fl-d8"/>
      </object_component>
      <object_component id="oc-281">
         <name>.debug_info</name>
         <load_address>0xfe52</load_address>
         <run_address>0xfe52</run_address>
         <size>0x2d7</size>
         <input_file_ref idref="fl-d8"/>
      </object_component>
      <object_component id="oc-226">
         <name>.debug_info</name>
         <load_address>0x10129</load_address>
         <run_address>0x10129</run_address>
         <size>0x464</size>
         <input_file_ref idref="fl-da"/>
      </object_component>
      <object_component id="oc-223">
         <name>.debug_info</name>
         <load_address>0x1058d</load_address>
         <run_address>0x1058d</run_address>
         <size>0x167</size>
         <input_file_ref idref="fl-da"/>
      </object_component>
      <object_component id="oc-13f">
         <name>.debug_info</name>
         <load_address>0x106f4</load_address>
         <run_address>0x106f4</run_address>
         <size>0x27d</size>
         <input_file_ref idref="fl-da"/>
      </object_component>
      <object_component id="oc-22c">
         <name>.debug_info</name>
         <load_address>0x10971</load_address>
         <run_address>0x10971</run_address>
         <size>0x2a5</size>
         <input_file_ref idref="fl-da"/>
      </object_component>
      <object_component id="oc-344">
         <name>.debug_info</name>
         <load_address>0x10c16</load_address>
         <run_address>0x10c16</run_address>
         <size>0x3d2</size>
         <input_file_ref idref="fl-db"/>
      </object_component>
      <object_component id="oc-3a3">
         <name>.debug_info</name>
         <load_address>0x10fe8</load_address>
         <run_address>0x10fe8</run_address>
         <size>0x5f7</size>
         <input_file_ref idref="fl-db"/>
      </object_component>
      <object_component id="oc-33e">
         <name>.debug_info</name>
         <load_address>0x115df</load_address>
         <run_address>0x115df</run_address>
         <size>0x583</size>
         <input_file_ref idref="fl-db"/>
      </object_component>
      <object_component id="oc-230">
         <name>.debug_info</name>
         <load_address>0x11b62</load_address>
         <run_address>0x11b62</run_address>
         <size>0x278</size>
         <input_file_ref idref="fl-db"/>
      </object_component>
      <object_component id="oc-27d">
         <name>.debug_info</name>
         <load_address>0x11dda</load_address>
         <run_address>0x11dda</run_address>
         <size>0x364</size>
         <input_file_ref idref="fl-dc"/>
      </object_component>
      <object_component id="oc-277">
         <name>.debug_info</name>
         <load_address>0x1213e</load_address>
         <run_address>0x1213e</run_address>
         <size>0x2c2</size>
         <input_file_ref idref="fl-dc"/>
      </object_component>
      <object_component id="oc-271">
         <name>.debug_info</name>
         <load_address>0x12400</load_address>
         <run_address>0x12400</run_address>
         <size>0x2c2</size>
         <input_file_ref idref="fl-dc"/>
      </object_component>
      <object_component id="oc-369">
         <name>.debug_info</name>
         <load_address>0x126c2</load_address>
         <run_address>0x126c2</run_address>
         <size>0x299</size>
         <input_file_ref idref="fl-dc"/>
      </object_component>
      <object_component id="oc-26b">
         <name>.debug_info</name>
         <load_address>0x1295b</load_address>
         <run_address>0x1295b</run_address>
         <size>0x39f</size>
         <input_file_ref idref="fl-dc"/>
      </object_component>
      <object_component id="oc-149">
         <name>.debug_info</name>
         <load_address>0x12cfa</load_address>
         <run_address>0x12cfa</run_address>
         <size>0x3dd</size>
         <input_file_ref idref="fl-dc"/>
      </object_component>
      <object_component id="oc-27f">
         <name>.debug_info</name>
         <load_address>0x130d7</load_address>
         <run_address>0x130d7</run_address>
         <size>0x3d9</size>
         <input_file_ref idref="fl-dd"/>
      </object_component>
      <object_component id="oc-14f">
         <name>.debug_info</name>
         <load_address>0x134b0</load_address>
         <run_address>0x134b0</run_address>
         <size>0x284</size>
         <input_file_ref idref="fl-dd"/>
      </object_component>
      <object_component id="oc-330">
         <name>.debug_info</name>
         <load_address>0x13734</load_address>
         <run_address>0x13734</run_address>
         <size>0x51c</size>
         <input_file_ref idref="fl-de"/>
      </object_component>
      <object_component id="oc-31e">
         <name>.debug_info</name>
         <load_address>0x13c50</load_address>
         <run_address>0x13c50</run_address>
         <size>0x2fe</size>
         <input_file_ref idref="fl-de"/>
      </object_component>
      <object_component id="oc-391">
         <name>.debug_info</name>
         <load_address>0x13f4e</load_address>
         <run_address>0x13f4e</run_address>
         <size>0x315</size>
         <input_file_ref idref="fl-de"/>
      </object_component>
      <object_component id="oc-397">
         <name>.debug_info</name>
         <load_address>0x14263</load_address>
         <run_address>0x14263</run_address>
         <size>0x34b</size>
         <input_file_ref idref="fl-de"/>
      </object_component>
      <object_component id="oc-324">
         <name>.debug_info</name>
         <load_address>0x145ae</load_address>
         <run_address>0x145ae</run_address>
         <size>0x2cc</size>
         <input_file_ref idref="fl-de"/>
      </object_component>
      <object_component id="oc-318">
         <name>.debug_info</name>
[...]
               <size>0x4</size>
            </available_space>
            <allocated_space>
               <start_address>0x7550</start_address>
               <size>0x40</size>
               <logical_group_ref idref="lg-6"/>
            </allocated_space>
            <available_space>
               <start_address>0x7590</start_address>
               <size>0xf8a70</size>
            </available_space>
         </usage_details>
      </memory_area>
      <memory_area display="yes" color="green">
         <name>SRAM</name>
         <page_id>0x0</page_id>
         <origin>0x20000000</origin>
         <length>0x40000</length>
         <used_space>0x1494</used_space>
         <unused_space>0x3eb6c</unused_space>
         <attributes>RWX</attributes>
         <usage_details>
            <allocated_space>
               <start_address>0x20000000</start_address>
               <size>0x1074</size>
               <logical_group_ref idref="lg-b"/>
            </allocated_space>
            <allocated_space>
               <start_address>0x20001074</start_address>
               <size>0x400</size>
               <logical_group_ref idref="lg-d"/>
            </allocated_space>
            <allocated_space>
               <start_address>0x20001474</start_address>
               <size>0x20</size>
               <logical_group_ref idref="lg-a"/>
            </allocated_space>
            <available_space>
               <start_address>0x20001494</start_address>
               <size>0x3eb6c</size>
            </available_space>
         </usage_details>
      </memory_area>
   </placement_map>
   <cptbl_list>
      <cptbl>
         <name>__TI_cinit_table</name>
         <cprec>
            <name>.data</name>
            <load_address>0x7550</load_address>
            <load_size>0x17</load_size>
            <run_address>0x20001474</run_address>
            <run_size>0x20</run_size>
            <compression>lzss</compression>
         </cprec>
         <cprec>
            <name>.bss</name>
            <load_address>0x7578</load_address>
            <load_size>0x8</load_size>
            <run_address>0x20000000</run_address>
            <run_size>0x1074</run_size>
            <compression>zero_init</compression>
         </cprec>
      </cptbl>
   </cptbl_list>
   <handler_table>
      <handler_table_name>__TI_handler_table</handler_table_name>
      <handler>
         <index>0x0</index>
         <name>__TI_decompress_lzss</name>
      </handler>
      <handler>
         <index>0x1</index>
         <name>__TI_decompress_none</name>
      </handler>
      <handler>
         <index>0x2</index>
         <name>__TI_zero_init</name>
      </handler>
   </handler_table>
   <symbol_table>
      <symbol id="sm-1">
         <name>__STACK_TOP</name>
         <value>0x20001474</value>
      </symbol>
      <symbol id="sm-2">
         <name>__TI_CINIT_Base</name>
         <value>0x7580</value>
      </symbol>
      <symbol id="sm-3">
         <name>__TI_CINIT_Limit</name>
         <value>0x7590</value>
      </symbol>
      <symbol id="sm-4">
         <name>__TI_Handler_Table_Base</name>
         <value>0x7568</value>
      </symbol>
      <symbol id="sm-5">
         <name>__TI_Handler_Table_Limit</name>
         <value>0x7574</value>
      </symbol>
      <symbol id="sm-6">
         <name>binit</name>
         <value>0xffffffff</value>
      </symbol>
      <symbol id="sm-7">
         <name>__binit__</name>
         <value>0xffffffff</value>
      </symbol>
      <symbol id="sm-8">
         <name>__STACK_SIZE</name>
         <value>0x400</value>
      </symbol>
      <symbol id="sm-9">
         <name>__STACK_END</name>
         <value>0x20001474</value>
      </symbol>
      <symbol id="sm-a">
         <name>__c_args__</name>
         <value>0xffffffff</value>
      </symbol>
      <symbol id="sm-b">
         <name>__TI_pprof_out_hndl</name>
         <value>0xffffffff</value>
      </symbol>
      <symbol id="sm-c">
         <name>__TI_prof_data_start</name>
         <value>0xffffffff</value>
      </symbol>
      <symbol id="sm-d">
         <name>__TI_prof_data_size</name>
         <value>0xffffffff</value>
      </symbol>
      <symbol id="sm-5d">
         <name>ResetISR</name>
         <value>0x7531</value>
         <object_component_ref idref="oc-2b"/>
      </symbol>
      <symbol id="sm-5e">
         <name>g_pfnVectors</name>
         <value>0x0</value>
         <object_component_ref idref="oc-f"/>
      </symbol>
      <symbol id="sm-106">
         <name>g_ui32AudioPos</name>
         <value>0x20001068</value>
      </symbol>
      <symbol id="sm-107">
         <name>g_ui32AudioStep</name>
         <value>0x2000106c</value>
      </symbol>
      <symbol id="sm-108">
         <name>GenerateAudio</name>
         <value>0x5ff9</value>
         <object_component_ref idref="oc-172"/>
      </symbol>
      <symbol id="sm-109">
         <name>TouchCallback</name>
         <value>0x6a91</value>
         <object_component_ref idref="oc-181"/>
      </symbol>
      <symbol id="sm-10a">
         <name>main</name>
         <value>0x497d</value>
         <object_component_ref idref="oc-e0"/>
      </symbol>
      <symbol id="sm-10b">
         <name>SoundCallback</name>
         <value>0x721d</value>
         <object_component_ref idref="oc-18a"/>
      </symbol>
      <symbol id="sm-10c">
         <name>g_ui32Key</name>
         <value>0x2000148c</value>
         <object_component_ref idref="oc-2a5"/>
      </symbol>
      <symbol id="sm-15d">
         <name>FrameDraw</name>
         <value>0x55b9</value>
         <object_component_ref idref="oc-142"/>
      </symbol>
      <symbol id="sm-1db">
         <name>Kentec320x240x16_SSD2119Init</name>
         <value>0x44f9</value>
         <object_component_ref idref="oc-136"/>
      </symbol>
      <symbol id="sm-1dc">
         <name>g_sKentec320x240x16_SSD2119</name>
         <value>0x3fe4</value>
         <object_component_ref idref="oc-178"/>
      </symbol>
      <symbol id="sm-213">
         <name>PinoutSet</name>
         <value>0x4041</value>
         <object_component_ref idref="oc-130"/>
      </symbol>
      <symbol id="sm-27c">
         <name>SoundVolumeSet</name>
         <value>0x74f9</value>
         <object_component_ref idref="oc-166"/>
      </symbol>
      <symbol id="sm-27d">
         <name>SoundVolumeUp</name>
         <value>0x7401</value>
         <object_component_ref idref="oc-291"/>
      </symbol>
      <symbol id="sm-27e">
         <name>SoundInit</name>
         <value>0x6949</value>
         <object_component_ref idref="oc-160"/>
      </symbol>
      <symbol id="sm-27f">
         <name>SoundIntHandler</name>
         <value>0x5e7d</value>
         <object_component_ref idref="oc-49"/>
      </symbol>
      <symbol id="sm-280">
         <name>SoundVolumeDown</name>
         <value>0x741d</value>
         <object_component_ref idref="oc-297"/>
      </symbol>
      <symbol id="sm-281">
         <name>SoundStart</name>
         <value>0x6735</value>
         <object_component_ref idref="oc-16c"/>
      </symbol>
      <symbol id="sm-2f8">
         <name>g_i16TouchX</name>
         <value>0x20001070</value>
      </symbol>
      <symbol id="sm-2f9">
         <name>g_i16TouchY</name>
         <value>0x20001072</value>
      </symbol>
      <symbol id="sm-2fa">
         <name>TouchScreenInit</name>
         <value>0x64c9</value>
         <object_component_ref idref="oc-154"/>
      </symbol>
      <symbol id="sm-2fb">
         <name>TouchScreenCallbackSet</name>
         <value>0x7505</value>
         <object_component_ref idref="oc-15a"/>
      </symbol>
      <symbol id="sm-2fc">
         <name>g_pi32TouchParameters</name>
         <value>0x400c</value>
         <object_component_ref idref="oc-f3"/>
      </symbol>
      <symbol id="sm-2fd">
         <name>g_i16TouchMin</name>
         <value>0x20001490</value>
         <object_component_ref idref="oc-f6"/>
      </symbol>
      <symbol id="sm-2fe">
         <name>TouchScreenIntHandler</name>
         <value>0x6151</value>
         <object_component_ref idref="oc-43"/>
      </symbol>
      <symbol id="sm-314">
         <name>sine</name>
         <value>0x7359</value>
         <object_component_ref idref="oc-29d"/>
      </symbol>
      <symbol id="sm-325">
         <name>_c_int00</name>
         <value>0x6f5d</value>
         <object_component_ref idref="oc-24"/>
      </symbol>
      <symbol id="sm-326">
         <name>__stack</name>
         <value>0x20001074</value>
         <object_component_ref idref="oc-2a"/>
      </symbol>
      <symbol id="sm-344">
         <name>__TI_decompress_lzss</name>
         <value>0x6ddd</value>
         <object_component_ref idref="oc-12"/>
      </symbol>
      <symbol id="sm-35b">
         <name>__TI_decompress_none</name>
         <value>0x74d1</value>
         <object_component_ref idref="oc-18"/>
      </symbol>
      <symbol id="sm-372">
         <name>__TI_zero_init</name>
         <value>0x7511</value>
         <object_component_ref idref="oc-1e"/>
      </symbol>
      <symbol id="sm-393">
         <name>C$$EXIT</name>
         <value>0x6fb1</value>
         <object_component_ref idref="oc-8d"/>
      </symbol>
      <symbol id="sm-394">
         <name>abort</name>
         <value>0x6fb5</value>
         <object_component_ref idref="oc-8d"/>
      </symbol>
      <symbol id="sm-395">
         <name>exit</name>
         <value>0x6fbd</value>
         <object_component_ref idref="oc-8d"/>
      </symbol>
      <symbol id="sm-396">
         <name>__TI_dtors_ptr</name>
         <value>0x20001478</value>
         <object_component_ref idref="oc-e8"/>
      </symbol>
      <symbol id="sm-397">
         <name>__TI_cleanup_ptr</name>
         <value>0x20001474</value>
         <object_component_ref idref="oc-e8"/>
      </symbol>
      <symbol id="sm-398">
         <name>__TI_enable_exit_profile_output</name>
         <value>0x2000147c</value>
         <object_component_ref idref="oc-e8"/>
      </symbol>
      <symbol id="sm-3b3">
         <name>memcpy</name>
         <value>0x69f5</value>
         <object_component_ref idref="oc-5d"/>
      </symbol>
      <symbol id="sm-3b4">
         <name>__aeabi_memcpy</name>
         <value>0x69f5</value>
         <object_component_ref idref="oc-5d"/>
      </symbol>
      <symbol id="sm-3b5">
         <name>__aeabi_memcpy8</name>
         <value>0x69f5</value>
         <object_component_ref idref="oc-5d"/>
      </symbol>
      <symbol id="sm-3b6">
         <name>__aeabi_memcpy4</name>
         <value>0x69f5</value>
         <object_component_ref idref="oc-5d"/>
      </symbol>
      <symbol id="sm-3c5">
         <name>__aeabi_memset</name>
         <value>0x6bad</value>
         <object_component_ref idref="oc-69"/>
      </symbol>
      <symbol id="sm-3c6">
         <name>memset</name>
         <value>0x6bb3</value>
         <object_component_ref idref="oc-69"/>
      </symbol>
      <symbol id="sm-3c7">
         <name>__aeabi_memset8</name>
         <value>0x6bad</value>
         <object_component_ref idref="oc-69"/>
      </symbol>
      <symbol id="sm-3c8">
         <name>__aeabi_memset4</name>
         <value>0x6bad</value>
         <object_component_ref idref="oc-69"/>
      </symbol>
      <symbol id="sm-3c9">
         <name>__aeabi_memclr8</name>
         <value>0x6bab</value>
         <object_component_ref idref="oc-69"/>
      </symbol>
      <symbol id="sm-3ca">
         <name>__aeabi_memclr4</name>
         <value>0x6bab</value>
         <object_component_ref idref="oc-69"/>
      </symbol>
      <symbol id="sm-3cb">
         <name>__aeabi_memclr</name>
         <value>0x6bab</value>
         <object_component_ref idref="oc-69"/>
      </symbol>
      <symbol id="sm-3d5">
         <name>__mpu_init</name>
         <value>0x7549</value>
         <object_component_ref idref="oc-75"/>
      </symbol>
      <symbol id="sm-3df">
         <name>_system_pre_init</name>
         <value>0x7545</value>
         <object_component_ref idref="oc-7b"/>
      </symbol>
      <symbol id="sm-3e7">
         <name>main_func_sp</name>
         <value>0x20001488</value>
         <object_component_ref idref="oc-93"/>
      </symbol>
      <symbol id="sm-400">
         <name>_nop</name>
         <value>0x7487</value>
         <object_component_ref idref="oc-19d"/>
      </symbol>
      <symbol id="sm-401">
         <name>_lock</name>
         <value>0x20001480</value>
         <object_component_ref idref="oc-eb"/>
      </symbol>
      <symbol id="sm-402">
         <name>_unlock</name>
         <value>0x20001484</value>
         <object_component_ref idref="oc-eb"/>
      </symbol>
      <symbol id="sm-403">
         <name>_register_lock</name>
         <value>0x747f</value>
         <object_component_ref idref="oc-19d"/>
      </symbol>
      <symbol id="sm-404">
         <name>_register_unlock</name>
         <value>0x7479</value>
         <object_component_ref idref="oc-19d"/>
      </symbol>
      <symbol id="sm-418">
         <name>_args_main</name>
         <value>0x7435</value>
         <object_component_ref idref="oc-87"/>
      </symbol>
      <symbol id="sm-442">
         <name>__TI_auto_init</name>
         <value>0x6c9d</value>
         <object_component_ref idref="oc-81"/>
      </symbol>
      <symbol id="sm-45c">
         <name>copy_in</name>
         <value>0x7005</value>
         <object_component_ref idref="oc-d2"/>
      </symbol>
      <symbol id="sm-466">
         <name>_system_post_cinit</name>
         <value>0x754b</value>
         <object_component_ref idref="oc-d8"/>
      </symbol>
      <symbol id="sm-495">
         <name>GPIODirModeSet</name>
         <value>0x72df</value>
         <object_component_ref idref="oc-2fd"/>
      </symbol>
      <symbol id="sm-496">
         <name>GPIOPinWrite</name>
         <value>0x7525</value>
         <object_component_ref idref="oc-1ea"/>
      </symbol>
      <symbol id="sm-497">
         <name>GPIOPadConfigSet</name>
         <value>0x6291</value>
         <object_component_ref idref="oc-303"/>
      </symbol>
      <symbol id="sm-498">
         <name>GPIOPinTypeLCD</name>
         <value>0x749f</value>
         <object_component_ref idref="oc-1dd"/>
      </symbol>
      <symbol id="sm-499">
         <name>GPIOPinTypeEthernetLED</name>
         <value>0x748d</value>
         <object_component_ref idref="oc-1d7"/>
      </symbol>
      <symbol id="sm-4d0">
         <name>LCDIDDConfigSet</name>
         <value>0x7541</value>
         <object_component_ref idref="oc-1fd"/>
      </symbol>
      <symbol id="sm-4d1">
         <name>LCDDMAConfigSet</name>
         <value>0x753d</value>
         <object_component_ref idref="oc-1f7"/>
      </symbol>
      <symbol id="sm-4d2">
         <name>LCDIDDDataWrite</name>
         <value>0x74eb</value>
         <object_component_ref idref="oc-20f"/>
      </symbol>
      <symbol id="sm-4d3">
         <name>LCDIDDCommandWrite</name>
         <value>0x74df</value>
         <object_component_ref idref="oc-209"/>
      </symbol>
      <symbol id="sm-4d4">
         <name>LCDIDDTimingSet</name>
         <value>0x7171</value>
         <object_component_ref idref="oc-203"/>
      </symbol>
      <symbol id="sm-4d5">
         <name>LCDModeSet</name>
         <value>0x739f</value>
         <object_component_ref idref="oc-1f1"/>
      </symbol>
      <symbol id="sm-544">
         <name>SysCtlDelay</name>
         <value>0x7537</value>
         <object_component_ref idref="oc-1f0"/>
      </symbol>
      <symbol id="sm-545">
         <name>SysCtlPeripheralEnable</name>
         <value>0x7251</value>
         <object_component_ref idref="oc-1e4"/>
      </symbol>
      <symbol id="sm-546">
         <name>SysCtlClockFreqSet</name>
         <value>0x57b1</value>
         <object_component_ref idref="oc-12a"/>
      </symbol>
      <symbol id="sm-56c">
         <name>TimerLoadSet</name>
         <value>0x74b1</value>
         <object_component_ref idref="oc-a9"/>
      </symbol>
      <symbol id="sm-56d">
         <name>TimerUpdateMode</name>
         <value>0x7309</value>
         <object_component_ref idref="oc-288"/>
      </symbol>
      <symbol id="sm-56e">
         <name>TimerControlTrigger</name>
         <value>0x6f05</value>
         <object_component_ref idref="oc-280"/>
      </symbol>
      <symbol id="sm-59a">
         <name>GrContextInit</name>
         <value>0x6d0d</value>
         <object_component_ref idref="oc-13c"/>
      </symbol>
      <symbol id="sm-59b">
         <name>GrContextClipRegionSet</name>
         <value>0x6e45</value>
         <object_component_ref idref="oc-229"/>
      </symbol>
      <symbol id="sm-59c">
         <name>g_psDefaultCodePointMapTable</name>
         <value>0x4028</value>
         <object_component_ref idref="oc-222"/>
      </symbol>
      <symbol id="sm-5f3">
         <name>GrImageDraw</name>
         <value>0x74c3</value>
         <object_component_ref idref="oc-22f"/>
      </symbol>
      <symbol id="sm-637">
         <name>GrLineDrawH</name>
         <value>0x70e5</value>
         <object_component_ref idref="oc-270"/>
      </symbol>
      <symbol id="sm-638">
         <name>GrLineDrawV</name>
         <value>0x712b</value>
         <object_component_ref idref="oc-276"/>
      </symbol>
      <symbol id="sm-639">
         <name>GrLineDraw</name>
         <value>0x63c3</value>
         <object_component_ref idref="oc-148"/>
      </symbol>
      <symbol id="sm-647">
         <name>GrRectFill</name>
         <value>0x6b25</value>
         <object_component_ref idref="oc-14e"/>
      </symbol>
      <symbol id="sm-6ea">
         <name>GrFontInfoGet</name>
         <value>0x7331</value>
         <object_component_ref idref="oc-317"/>
      </symbol>
      <symbol id="sm-6eb">
         <name>GrDefaultStringRenderer</name>
         <value>0x65bd</value>
         <object_component_ref idref="oc-21c"/>
      </symbol>
      <symbol id="sm-6ec">
         <name>GrFontGlyphRender</name>
         <value>0x5365</value>
         <object_component_ref idref="oc-329"/>
      </symbol>
      <symbol id="sm-6ed">
         <name>GrContextFontSet</name>
         <value>0x752b</value>
         <object_component_ref idref="oc-235"/>
      </symbol>
      <symbol id="sm-6ee">
         <name>GrFontGlyphDataGet</name>
         <value>0x737d</value>
         <object_component_ref idref="oc-323"/>
      </symbol>
      <symbol id="sm-6ef">
         <name>GrStringDraw</name>
         <value>0x744d</value>
         <object_component_ref idref="oc-247"/>
      </symbol>
      <symbol id="sm-6f0">
         <name>GrFontCodepageGet</name>
         <value>0x73e1</value>
         <object_component_ref idref="oc-3ac"/>
      </symbol>
      <symbol id="sm-6f1">
         <name>GrStringNextCharGet</name>
         <value>0x7285</value>
         <object_component_ref idref="oc-31d"/>
      </symbol>
      <symbol id="sm-6f2">
         <name>GrStringWidthGet</name>
         <value>0x6d75</value>
         <object_component_ref idref="oc-23b"/>
      </symbol>
      <symbol id="sm-6f3">
         <name>GrFontBaselineGet</name>
         <value>0x72b3</value>
         <object_component_ref idref="oc-241"/>
      </symbol>
      <symbol id="sm-705">
         <name>g_sFontCmss18b</name>
         <value>0x3d30</value>
         <object_component_ref idref="oc-265"/>
      </symbol>
      <symbol id="sm-712">
         <name>GrMapISO8859_1_Unicode</name>
         <value>0x751d</value>
         <object_component_ref idref="oc-332"/>
      </symbol>
      <symbol id="sm-713">
         <name>__TI_static_base__</name>
         <value>0x0</value>
      </symbol>
      <symbol id="sm-716">
         <name>SHT$$INIT_ARRAY$$Limit</name>
         <value>0x0</value>
      </symbol>
      <symbol id="sm-717">
         <name>SHT$$INIT_ARRAY$$Base</name>
         <value>0x0</value>
      </symbol>
   </symbol_table>
   <title>Link successful</title>
</link_info>
